Archive member included to satisfy reference by file (symbol)

C:/ST/STM32CubeIDE_1.16.1/STM32CubeIDE/plugins/com.st.stm32cube.ide.mcu.externaltools.gnu-tools-for-stm32.12.3.rel1.win32_1.0.200.202406191623/tools/bin/../lib/gcc/arm-none-eabi/12.3.1/../../../../arm-none-eabi/lib/thumb/v7e-m+fp/hard\libc_nano.a(libc_a-calloc.o)
                              ./Middlewares/Third_Party/mbedTLS/library/asn1parse.o (calloc)
C:/ST/STM32CubeIDE_1.16.1/STM32CubeIDE/plugins/com.st.stm32cube.ide.mcu.externaltools.gnu-tools-for-stm32.12.3.rel1.win32_1.0.200.202406191623/tools/bin/../lib/gcc/arm-none-eabi/12.3.1/../../../../arm-none-eabi/lib/thumb/v7e-m+fp/hard\libc_nano.a(libc_a-callocr.o)
                              C:/ST/STM32CubeIDE_1.16.1/STM32CubeIDE/plugins/com.st.stm32cube.ide.mcu.externaltools.gnu-tools-for-stm32.12.3.rel1.win32_1.0.200.202406191623/tools/bin/../lib/gcc/arm-none-eabi/12.3.1/../../../../arm-none-eabi/lib/thumb/v7e-m+fp/hard\libc_nano.a(libc_a-calloc.o) (_calloc_r)
C:/ST/STM32CubeIDE_1.16.1/STM32CubeIDE/plugins/com.st.stm32cube.ide.mcu.externaltools.gnu-tools-for-stm32.12.3.rel1.win32_1.0.200.202406191623/tools/bin/../lib/gcc/arm-none-eabi/12.3.1/../../../../arm-none-eabi/lib/thumb/v7e-m+fp/hard\libc_nano.a(libc_a-exit.o)
                              C:/ST/STM32CubeIDE_1.16.1/STM32CubeIDE/plugins/com.st.stm32cube.ide.mcu.externaltools.gnu-tools-for-stm32.12.3.rel1.win32_1.0.200.202406191623/tools/bin/../lib/gcc/arm-none-eabi/12.3.1/../../../../arm-none-eabi/lib/thumb/v7e-m+fp/hard/crt0.o (exit)
C:/ST/STM32CubeIDE_1.16.1/STM32CubeIDE/plugins/com.st.stm32cube.ide.mcu.externaltools.gnu-tools-for-stm32.12.3.rel1.win32_1.0.200.202406191623/tools/bin/../lib/gcc/arm-none-eabi/12.3.1/../../../../arm-none-eabi/lib/thumb/v7e-m+fp/hard\libc_nano.a(libc_a-malloc.o)
                              ./Middlewares/Third_Party/mbedTLS/library/asn1parse.o (free)
C:/ST/STM32CubeIDE_1.16.1/STM32CubeIDE/plugins/com.st.stm32cube.ide.mcu.externaltools.gnu-tools-for-stm32.12.3.rel1.win32_1.0.200.202406191623/tools/bin/../lib/gcc/arm-none-eabi/12.3.1/../../../../arm-none-eabi/lib/thumb/v7e-m+fp/hard\libc_nano.a(libc_a-mallocr.o)
                              C:/ST/STM32CubeIDE_1.16.1/STM32CubeIDE/plugins/com.st.stm32cube.ide.mcu.externaltools.gnu-tools-for-stm32.12.3.rel1.win32_1.0.200.202406191623/tools/bin/../lib/gcc/arm-none-eabi/12.3.1/../../../../arm-none-eabi/lib/thumb/v7e-m+fp/hard\libc_nano.a(libc_a-callocr.o) (_malloc_r)
C:/ST/STM32CubeIDE_1.16.1/STM32CubeIDE/plugins/com.st.stm32cube.ide.mcu.externaltools.gnu-tools-for-stm32.12.3.rel1.win32_1.0.200.202406191623/tools/bin/../lib/gcc/arm-none-eabi/12.3.1/../../../../arm-none-eabi/lib/thumb/v7e-m+fp/hard\libc_nano.a(libc_a-mlock.o)
                              C:/ST/STM32CubeIDE_1.16.1/STM32CubeIDE/plugins/com.st.stm32cube.ide.mcu.externaltools.gnu-tools-for-stm32.12.3.rel1.win32_1.0.200.202406191623/tools/bin/../lib/gcc/arm-none-eabi/12.3.1/../../../../arm-none-eabi/lib/thumb/v7e-m+fp/hard\libc_nano.a(libc_a-mallocr.o) (__malloc_lock)
C:/ST/STM32CubeIDE_1.16.1/STM32CubeIDE/plugins/com.st.stm32cube.ide.mcu.externaltools.gnu-tools-for-stm32.12.3.rel1.win32_1.0.200.202406191623/tools/bin/../lib/gcc/arm-none-eabi/12.3.1/../../../../arm-none-eabi/lib/thumb/v7e-m+fp/hard\libc_nano.a(libc_a-findfp.o)
                              C:/ST/STM32CubeIDE_1.16.1/STM32CubeIDE/plugins/com.st.stm32cube.ide.mcu.externaltools.gnu-tools-for-stm32.12.3.rel1.win32_1.0.200.202406191623/tools/bin/../lib/gcc/arm-none-eabi/12.3.1/../../../../arm-none-eabi/lib/thumb/v7e-m+fp/hard\libc_nano.a(libc_a-exit.o) (__stdio_exit_handler)
C:/ST/STM32CubeIDE_1.16.1/STM32CubeIDE/plugins/com.st.stm32cube.ide.mcu.externaltools.gnu-tools-for-stm32.12.3.rel1.win32_1.0.200.202406191623/tools/bin/../lib/gcc/arm-none-eabi/12.3.1/../../../../arm-none-eabi/lib/thumb/v7e-m+fp/hard\libc_nano.a(libc_a-fwalk.o)
                              C:/ST/STM32CubeIDE_1.16.1/STM32CubeIDE/plugins/com.st.stm32cube.ide.mcu.externaltools.gnu-tools-for-stm32.12.3.rel1.win32_1.0.200.202406191623/tools/bin/../lib/gcc/arm-none-eabi/12.3.1/../../../../arm-none-eabi/lib/thumb/v7e-m+fp/hard\libc_nano.a(libc_a-findfp.o) (_fwalk_sglue)
C:/ST/STM32CubeIDE_1.16.1/STM32CubeIDE/plugins/com.st.stm32cube.ide.mcu.externaltools.gnu-tools-for-stm32.12.3.rel1.win32_1.0.200.202406191623/tools/bin/../lib/gcc/arm-none-eabi/12.3.1/../../../../arm-none-eabi/lib/thumb/v7e-m+fp/hard\libc_nano.a(libc_a-printf.o)
                              ./Core/Src/main.o (printf)
C:/ST/STM32CubeIDE_1.16.1/STM32CubeIDE/plugins/com.st.stm32cube.ide.mcu.externaltools.gnu-tools-for-stm32.12.3.rel1.win32_1.0.200.202406191623/tools/bin/../lib/gcc/arm-none-eabi/12.3.1/../../../../arm-none-eabi/lib/thumb/v7e-m+fp/hard\libc_nano.a(libc_a-puts.o)
                              ./Core/Src/main.o (puts)
[...]
Memory Configuration

Name             Origin             Length             Attributes
CCMRAM           0x10000000         0x00010000         xrw
RAM              0x20000000         0x00020000         xrw
FLASH            0x08000000         0x00100000         xr
*default*        0x00000000         0xffffffff

Linker script and memory map

LOAD C:/ST/STM32CubeIDE_1.16.1/STM32CubeIDE/plugins/com.st.stm32cube.ide.mcu.externaltools.gnu-tools-for-stm32.12.3.rel1.win32_1.0.200.202406191623/tools/bin/../lib/gcc/arm-none-eabi/12.3.1/thumb/v7e-m+fp/hard/crti.o
LOAD C:/ST/STM32CubeIDE_1.16.1/STM32CubeIDE/plugins/com.st.stm32cube.ide.mcu.externaltools.gnu-tools-for-stm32.12.3.rel1.win32_1.0.200.202406191623/tools/bin/../lib/gcc/arm-none-eabi/12.3.1/thumb/v7e-m+fp/hard/crtbegin.o
LOAD C:/ST/STM32CubeIDE_1.16.1/STM32CubeIDE/plugins/com.st.stm32cube.ide.mcu.externaltools.gnu-tools-for-stm32.12.3.rel1.win32_1.0.200.202406191623/tools/bin/../lib/gcc/arm-none-eabi/12.3.1/../../../../arm-none-eabi/lib/thumb/v7e-m+fp/hard/crt0.o
LOAD ./Core/Src/main.o
LOAD ./Core/Src/stm32f4xx_hal_msp.o
LOAD ./Core/Src/stm32f4xx_it.o
LOAD ./Core/Src/syscalls.o
LOAD ./Core/Src/sysmem.o
LOAD ./Core/Src/system_stm32f4xx.o
LOAD ./Core/Startup/startup_stm32f407vgtx.o
LOAD ./Drivers/STM32F4xx_HAL_Driver/Src/stm32f4xx_hal.o
LOAD ./Drivers/STM32F4xx_HAL_Driver/Src/stm32f4xx_hal_cortex.o
LOAD ./Drivers/STM32F4xx_HAL_Driver/Src/stm32f4xx_hal_dma.o
LOAD ./Drivers/STM32F4xx_HAL_Driver/Src/stm32f4xx_hal_dma_ex.o
LOAD ./Drivers/STM32F4xx_HAL_Driver/Src/stm32f4xx_hal_exti.o
LOAD ./Drivers/STM32F4xx_HAL_Driver/Src/stm32f4xx_hal_flash.o
LOAD ./Drivers/STM32F4xx_HAL_Driver/Src/stm32f4xx_hal_flash_ex.o
LOAD ./Drivers/STM32F4xx_HAL_Driver/Src/stm32f4xx_hal_flash_ramfunc.o
LOAD ./Drivers/STM32F4xx_HAL_Driver/Src/stm32f4xx_hal_gpio.o
LOAD ./Drivers/STM32F4xx_HAL_Driver/Src/stm32f4xx_hal_pwr.o
LOAD ./Drivers/STM32F4xx_HAL_Driver/Src/stm32f4xx_hal_pwr_ex.o
LOAD ./Drivers/STM32F4xx_HAL_Driver/Src/stm32f4xx_hal_rcc.o
LOAD ./Drivers/STM32F4xx_HAL_Driver/Src/stm32f4xx_hal_rcc_ex.o
LOAD ./Drivers/STM32F4xx_HAL_Driver/Src/stm32f4xx_hal_rng.o
LOAD ./Drivers/STM32F4xx_HAL_Driver/Src/stm32f4xx_hal_tim.o
LOAD ./Drivers/STM32F4xx_HAL_Driver/Src/stm32f4xx_hal_tim_ex.o
LOAD ./Drivers/STM32F4xx_HAL_Driver/Src/stm32f4xx_hal_uart.o
LOAD ./MBEDTLS/App/mbedtls.o
LOAD ./MBEDTLS/Target/hardware_rng.o
LOAD ./Middlewares/Third_Party/mbedTLS/library/aes.o
LOAD ./Middlewares/Third_Party/mbedTLS/library/asn1parse.o
LOAD ./Middlewares/Third_Party/mbedTLS/library/asn1write.o
LOAD ./Middlewares/Third_Party/mbedTLS/library/base64.o
LOAD ./Middlewares/Third_Party/mbedTLS/library/bignum.o
LOAD ./Middlewares/Third_Party/mbedTLS/library/camellia.o
LOAD ./Middlewares/Third_Party/mbedTLS/library/certs.o
LOAD ./Middlewares/Third_Party/mbedTLS/library/chacha20.o
LOAD ./Middlewares/Third_Party/mbedTLS/library/chachapoly.o
LOAD ./Middlewares/Third_Party/mbedTLS/library/cipher.o
LOAD ./Middlewares/Third_Party/mbedTLS/library/cipher_wrap.o
LOAD ./Middlewares/Third_Party/mbedTLS/library/ctr_drbg.o
LOAD ./Middlewares/Third_Party/mbedTLS/library/dhm.o
LOAD ./Middlewares/Third_Party/mbedTLS/library/ecdh.o
LOAD ./Middlewares/Third_Party/mbedTLS/library/ecdsa.o
LOAD ./Middlewares/Third_Party/mbedTLS/library/ecp.o
LOAD ./Middlewares/Third_Party/mbedTLS/library/ecp_curves.o
LOAD ./Middlewares/Third_Party/mbedTLS/library/entropy.o
LOAD ./Middlewares/Third_Party/mbedTLS/library/entropy_poll.o
LOAD ./Middlewares/Third_Party/mbedTLS/library/gcm.o
LOAD ./Middlewares/Third_Party/mbedTLS/library/hkdf.o
LOAD ./Middlewares/Third_Party/mbedTLS/library/md.o
LOAD ./Middlewares/Third_Party/mbedTLS/library/md_wrap.o
LOAD ./Middlewares/Third_Party/mbedTLS/library/memory_buffer_alloc.o
LOAD ./Middlewares/Third_Party/mbedTLS/library/oid.o
LOAD ./Middlewares/Third_Party/mbedTLS/library/pem.o
LOAD ./Middlewares/Third_Party/mbedTLS/library/pk.o
LOAD ./Middlewares/Third_Party/mbedTLS/library/pk_wrap.o
LOAD ./Middlewares/Third_Party/mbedTLS/library/pkparse.o
LOAD ./Middlewares/Third_Party/mbedTLS/library/pkwrite.o
LOAD ./Middlewares/Third_Party/mbedTLS/library/platform.o
LOAD ./Middlewares/Third_Party/mbedTLS/library/platform_util.o
LOAD ./Middlewares/Third_Party/mbedTLS/library/poly1305.o
LOAD ./Middlewares/Third_Party/mbedTLS/library/rsa_internal.o
LOAD ./Middlewares/Third_Party/mbedTLS/library/sha256.o
LOAD ./Middlewares/Third_Party/mbedTLS/library/sha512.o
LOAD ./Middlewares/Third_Party/mbedTLS/library/ssl_ciphersuites.o
LOAD ./Middlewares/Third_Party/mbedTLS/library/version_features.o
LOAD ./Middlewares/Third_Party/mbedTLS/library/x509.o
LOAD ./Middlewares/Third_Party/mbedTLS/library/x509_create.o
LOAD ./Middlewares/Third_Party/mbedTLS/library/x509_crl.o
LOAD ./Middlewares/Third_Party/mbedTLS/library/x509_crt.o
LOAD ./Middlewares/Third_Party/mbedTLS/library/x509_csr.o
LOAD ./Middlewares/Third_Party/mbedTLS/library/x509write_crt.o
LOAD ./Middlewares/Third_Party/mbedTLS/library/x509write_csr.o
LOAD ./Middlewares/Third_Party/mbedTLS/library/xtea.o
START GROUP
LOAD C:/ST/STM32CubeIDE_1.16.1/STM32CubeIDE/plugins/com.st.stm32cube.ide.mcu.externaltools.gnu-tools-for-stm32.12.3.rel1.win32_1.0.200.202406191623/tools/bin/../lib/gcc/arm-none-eabi/12.3.1/../../../../arm-none-eabi/lib/thumb/v7e-m+fp/hard\libc_nano.a
LOAD C:/ST/STM32CubeIDE_1.16.1/STM32CubeIDE/plugins/com.st.stm32cube.ide.mcu.externaltools.gnu-tools-for-stm32.12.3.rel1.win32_1.0.200.202406191623/tools/bin/../lib/gcc/arm-none-eabi/12.3.1/../../../../arm-none-eabi/lib/thumb/v7e-m+fp/hard\libm.a
END GROUP
START GROUP
LOAD C:/ST/STM32CubeIDE_1.16.1/STM32CubeIDE/plugins/com.st.stm32cube.ide.mcu.externaltools.gnu-tools-for-stm32.12.3.rel1.win32_1.0.200.202406191623/tools/bin/../lib/gcc/arm-none-eabi/12.3.1/thumb/v7e-m+fp/hard\libgcc.a
LOAD C:/ST/STM32CubeIDE_1.16.1/STM32CubeIDE/plugins/com.st.stm32cube.ide.mcu.externaltools.gnu-tools-for-stm32.12.3.rel1.win32_1.0.200.202406191623/tools/bin/../lib/gcc/arm-none-eabi/12.3.1/../../../../arm-none-eabi/lib/thumb/v7e-m+fp/hard\libc_nano.a
END GROUP
START GROUP
LOAD C:/ST/STM32CubeIDE_1.16.1/STM32CubeIDE/plugins/com.st.stm32cube.ide.mcu.externaltools.gnu-tools-for-stm32.12.3.rel1.win32_1.0.200.202406191623/tools/bin/../lib/gcc/arm-none-eabi/12.3.1/thumb/v7e-m+fp/hard\libgcc.a
LOAD C:/ST/STM32CubeIDE_1.16.1/STM32CubeIDE/plugins/com.st.stm32cube.ide.mcu.externaltools.gnu-tools-for-stm32.12.3.rel1.win32_1.0.200.202406191623/tools/bin/../lib/gcc/arm-none-eabi/12.3.1/../../../../arm-none-eabi/lib/thumb/v7e-m+fp/hard\libc_nano.a
LOAD C:/ST/STM32CubeIDE_1.16.1/STM32CubeIDE/plugins/com.st.stm32cube.ide.mcu.externaltools.gnu-tools-for-stm32.12.3.rel1.win32_1.0.200.202406191623/tools/bin/../lib/gcc/arm-none-eabi/12.3.1/../../../../arm-none-eabi/lib/thumb/v7e-m+fp/hard\libnosys.a
END GROUP
START GROUP
LOAD C:/ST/STM32CubeIDE_1.16.1/STM32CubeIDE/plugins/com.st.stm32cube.ide.mcu.externaltools.gnu-tools-for-stm32.12.3.rel1.win32_1.0.200.202406191623/tools/bin/../lib/gcc/arm-none-eabi/12.3.1/thumb/v7e-m+fp/hard\libgcc.a
LOAD C:/ST/STM32CubeIDE_1.16.1/STM32CubeIDE/plugins/com.st.stm32cube.ide.mcu.externaltools.gnu-tools-for-stm32.12.3.rel1.win32_1.0.200.202406191623/tools/bin/../lib/gcc/arm-none-eabi/12.3.1/../../../../arm-none-eabi/lib/thumb/v7e-m+fp/hard\libc_nano.a
LOAD C:/ST/STM32CubeIDE_1.16.1/STM32CubeIDE/plugins/com.st.stm32cube.ide.mcu.externaltools.gnu-tools-for-stm32.12.3.rel1.win32_1.0.200.202406191623/tools/bin/../lib/gcc/arm-none-eabi/12.3.1/../../../../arm-none-eabi/lib/thumb/v7e-m+fp/hard\libnosys.a
END GROUP
LOAD C:/ST/STM32CubeIDE_1.16.1/STM32CubeIDE/plugins/com.st.stm32cube.ide.mcu.externaltools.gnu-tools-for-stm32.12.3.rel1.win32_1.0.200.202406191623/tools/bin/../lib/gcc/arm-none-eabi/12.3.1/thumb/v7e-m+fp/hard/crtend.o
LOAD C:/ST/STM32CubeIDE_1.16.1/STM32CubeIDE/plugins/com.st.stm32cube.ide.mcu.externaltools.gnu-tools-for-stm32.12.3.rel1.win32_1.0.200.202406191623/tools/bin/../lib/gcc/arm-none-eabi/12.3.1/thumb/v7e-m+fp/hard/crtn.o
                0x20020000                        _estack = (ORIGIN (RAM) + LENGTH (RAM))
                0x00000200                        _Min_Heap_Size = 0x200
                0x00000400                        _Min_Stack_Size = 0x400

.isr_vector     0x08000000      0x188
                0x08000000                        . = ALIGN (0x4)
 *(.isr_vector)
 .isr_vector    0x08000000      0x188 ./Core/Startup/startup_stm32f407vgtx.o
                0x08000000                g_pfnVectors
                0x08000188                        . = ALIGN (0x4)

.text           0x08000190    0x177c8
                0x08000190                        . = ALIGN (0x4)
 *(.text)
 .text          0x08000190       0x40 C:/ST/STM32CubeIDE_1.16.1/STM32CubeIDE/plugins/com.st.stm32cube.ide.mcu.externaltools.gnu-tools-for-stm32.12.3.rel1.win32_1.0.200.202406191623/tools/bin/../lib/gcc/arm-none-eabi/12.3.1/thumb/v7e-m+fp/hard/crtbegin.o
 .text          0x080001d0       0x10 C:/ST/STM32CubeIDE_1.16.1/STM32CubeIDE/plugins/com.st.stm32cube.ide.mcu.externaltools.gnu-tools-for-stm32.12.3.rel1.win32_1.0.200.202406191623/tools/bin/../lib/gcc/arm-none-eabi/12.3.1/../../../../arm-none-eabi/lib/thumb/v7e-m+fp/hard\libc_nano.a(libc_a-strlen.o)
                0x080001d0                strlen
 .text          0x080001e0       0xa0 C:/ST/STM32CubeIDE_1.16.1/STM32CubeIDE/plugins/com.st.stm32cube.ide.mcu.externaltools.gnu-tools-for-stm32.12.3.rel1.win32_1.0.200.202406191623/tools/bin/../lib/gcc/arm-none-eabi/12.3.1/../../../../arm-none-eabi/lib/thumb/v7e-m+fp/hard\libc_nano.a(libc_a-memchr.o)
                0x080001e0                memchr
 .text          0x08000280       0x30 C:/ST/STM32CubeIDE_1.16.1/STM32CubeIDE/plugins/com.st.stm32cube.ide.mcu.externaltools.gnu-tools-for-stm32.12.3.rel1.win32_1.0.200.202406191623/tools/bin/../lib/gcc/arm-none-eabi/12.3.1/thumb/v7e-m+fp/hard\libgcc.a(_aeabi_uldivmod.o)
                0x08000280                __aeabi_uldivmod
 .text          0x080002b0      0x2bc C:/ST/STM32CubeIDE_1.16.1/STM32CubeIDE/plugins/com.st.stm32cube.ide.mcu.externaltools.gnu-tools-for-stm32.12.3.rel1.win32_1.0.200.202406191623/tools/bin/../lib/gcc/arm-none-eabi/12.3.1/thumb/v7e-m+fp/hard\libgcc.a(_udivmoddi4.o)
                0x080002b0                __udivmoddi4
 .text          0x0800056c        0x4 C:/ST/STM32CubeIDE_1.16.1/STM32CubeIDE/plugins/com.st.stm32cube.ide.mcu.externaltools.gnu-tools-for-stm32.12.3.rel1.win32_1.0.200.202406191623/tools/bin/../lib/gcc/arm-none-eabi/12.3.1/thumb/v7e-m+fp/hard\libgcc.a(_dvmd_tls.o)
                0x0800056c                __aeabi_idiv0
                0x0800056c                __aeabi_ldiv0
 *(.text*)
 .text.mbedtls_pk_ec
                0x08000570       0x1a ./Core/Src/main.o
 *fill*         0x0800058a        0x2 
 .text.get_stm32_uid
                0x0800058c       0x58 ./Core/Src/main.o
                0x0800058c                get_stm32_uid
 .text.flash_certificate
                0x080005e4      0x148 ./Core/Src/main.o
                0x080005e4                flash_certificate
 .text.Flash_Write_PrivateKey
                0x0800072c       0xac ./Core/Src/main.o
                0x0800072c                Flash_Write_PrivateKey
 .text.esp8266_get_device_info
                0x080007d8       0xf4 ./Core/Src/main.o
                0x080007d8                esp8266_get_device_info
 .text.esp8266_connect_to_wifi
                0x080008cc      0x2cc ./Core/Src/main.o
                0x080008cc                esp8266_connect_to_wifi
 .text.generate_csr
                0x08000b98      0x2f0 ./Core/Src/main.o
                0x08000b98                generate_csr
 .text.receive_certificate
                0x08000e88      0x1e8 ./Core/Src/main.o
                0x08000e88                receive_certificate
 .text.main     0x08001070      0x120 ./Core/Src/main.o
                0x08001070                main
 .text.SystemClock_Config
                0x08001190       0xd4 ./Core/Src/main.o
                0x08001190                SystemClock_Config
 .text.MX_RNG_Init
                0x08001264       0x28 ./Core/Src/main.o
 .text.MX_UART4_Init
                0x0800128c       0x54 ./Core/Src/main.o
 .text.MX_UART5_Init
                0x080012e0       0x54 ./Core/Src/main.o
 .text.MX_GPIO_Init
                0x08001334       0xc0 ./Core/Src/main.o
 .text.Error_Handler
                0x080013f4        0xe ./Core/Src/main.o
                0x080013f4                Error_Handler
 *fill*         0x08001402        0x2 
 .text.HAL_MspInit
                0x08001404       0x50 ./Core/Src/stm32f4xx_hal_msp.o
                0x08001404                HAL_MspInit
 .text.HAL_RNG_MspInit
                0x08001454       0x50 ./Core/Src/stm32f4xx_hal_msp.o
                0x08001454                HAL_RNG_MspInit
 .text.HAL_UART_MspInit
                0x080014a4      0x15c ./Core/Src/stm32f4xx_hal_msp.o
                0x080014a4                HAL_UART_MspInit
 .text.NMI_Handler
                0x08001600        0x8 ./Core/Src/stm32f4xx_it.o
                0x08001600                NMI_Handler
 .text.HardFault_Handler
                0x08001608        0x8 ./Core/Src/stm32f4xx_it.o
                0x08001608                HardFault_Handler
 .text.MemManage_Handler
                0x08001610        0x8 ./Core/Src/stm32f4xx_it.o
                0x08001610                MemManage_Handler
 .text.BusFault_Handler
                0x08001618        0x8 ./Core/Src/stm32f4xx_it.o
                0x08001618                BusFault_Handler
 .text.UsageFault_Handler
                0x08001620        0x8 ./Core/Src/stm32f4xx_it.o
                0x08001620                UsageFault_Handler
 .text.SVC_Handler
                0x08001628        0xe ./Core/Src/stm32f4xx_it.o
                0x08001628                SVC_Handler
 .text.DebugMon_Handler
                0x08001636        0xe ./Core/Src/stm32f4xx_it.o
                0x08001636                DebugMon_Handler
 .text.PendSV_Handler
                0x08001644        0xe ./Core/Src/stm32f4xx_it.o
                0x08001644                PendSV_Handler
 .text.SysTick_Handler
                0x08001652        0xc ./Core/Src/stm32f4xx_it.o
                0x08001652                SysTick_Handler
 *fill*         0x0800165e        0x2 
 .text.UART4_IRQHandler
                0x08001660       0x14 ./Core/Src/stm32f4xx_it.o
                0x08001660                UART4_IRQHandler
 .text.UART5_IRQHandler
                0x08001674       0x14 ./Core/Src/stm32f4xx_it.o
                0x08001674                UART5_IRQHandler
 .text.HASH_RNG_IRQHandler
                0x08001688       0x14 ./Core/Src/stm32f4xx_it.o
                0x08001688                HASH_RNG_IRQHandler
 .text._read    0x0800169c       0x3a ./Core/Src/syscalls.o
                0x0800169c                _read
 .text._write   0x080016d6       0x38 ./Core/Src/syscalls.o
                0x080016d6                _write
 .text._close   0x0800170e       0x18 ./Core/Src/syscalls.o
                0x0800170e                _close
 .text._fstat   0x08001726       0x20 ./Core/Src/syscalls.o
                0x08001726                _fstat
 .text._isatty  0x08001746       0x16 ./Core/Src/syscalls.o
                0x08001746                _isatty
 .text._lseek   0x0800175c       0x1a ./Core/Src/syscalls.o
                0x0800175c                _lseek
 *fill*         0x08001776        0x2 
 .text._sbrk    0x08001778       0x6c ./Core/Src/sysmem.o
                0x08001778                _sbrk
 .text.SystemInit
                0x080017e4       0x24 ./Core/Src/system_stm32f4xx.o
                0x080017e4                SystemInit
 .text.Reset_Handler
                0x08001808       0x50 ./Core/Startup/startup_stm32f407vgtx.o
                0x08001808                Reset_Handler
 .text.Default_Handler
                0x08001858        0x2 ./Core/Startup/startup_stm32f407vgtx.o
                0x08001858                RTC_Alarm_IRQHandler
                0x08001858                EXTI2_IRQHandler
                0x08001858                TIM8_CC_IRQHandler
                0x08001858                TIM1_CC_IRQHandler
                0x08001858                DMA2_Stream5_IRQHandler
                0x08001858                DMA1_Stream5_IRQHandler
                0x08001858                PVD_IRQHandler
                0x08001858                SDIO_IRQHandler
                0x08001858                TAMP_STAMP_IRQHandler
                0x08001858                CAN2_RX1_IRQHandler
                0x08001858                EXTI3_IRQHandler
                0x08001858                TIM8_TRG_COM_TIM14_IRQHandler
                0x08001858                TIM1_UP_TIM10_IRQHandler
                0x08001858                TIM8_UP_TIM13_IRQHandler
                0x08001858                I2C3_ER_IRQHandler
                0x08001858                EXTI0_IRQHandler
                0x08001858                I2C2_EV_IRQHandler
                0x08001858                DMA1_Stream2_IRQHandler
                0x08001858                CAN1_RX0_IRQHandler
                0x08001858                FPU_IRQHandler
                0x08001858                OTG_HS_WKUP_IRQHandler
                0x08001858                CAN2_SCE_IRQHandler
                0x08001858                DMA2_Stream2_IRQHandler
                0x08001858                SPI1_IRQHandler
                0x08001858                TIM6_DAC_IRQHandler
                0x08001858                TIM1_BRK_TIM9_IRQHandler
                0x08001858                DCMI_IRQHandler
                0x08001858                CAN2_RX0_IRQHandler
                0x08001858                DMA2_Stream3_IRQHandler
                0x08001858                USART6_IRQHandler
                0x08001858                USART3_IRQHandler
                0x08001858                CAN1_RX1_IRQHandler
                0x08001858                DMA2_Stream0_IRQHandler
                0x08001858                TIM4_IRQHandler
                0x08001858                I2C1_EV_IRQHandler
                0x08001858                DMA1_Stream6_IRQHandler
                0x08001858                DMA1_Stream1_IRQHandler
                0x08001858                TIM3_IRQHandler
                0x08001858                RCC_IRQHandler
                0x08001858                TIM8_BRK_TIM12_IRQHandler
                0x08001858                Default_Handler
                0x08001858                EXTI15_10_IRQHandler
                0x08001858                ADC_IRQHandler
                0x08001858                DMA1_Stream7_IRQHandler
                0x08001858                TIM7_IRQHandler
                0x08001858                CAN2_TX_IRQHandler
                0x08001858                TIM5_IRQHandler
                0x08001858                DMA2_Stream7_IRQHandler
                0x08001858                I2C3_EV_IRQHandler
                0x08001858                EXTI9_5_IRQHandler
                0x08001858                RTC_WKUP_IRQHandler
                0x08001858                ETH_WKUP_IRQHandler
                0x08001858                SPI2_IRQHandler
                0x08001858                OTG_HS_EP1_IN_IRQHandler
                0x08001858                DMA1_Stream0_IRQHandler
                0x08001858                CAN1_TX_IRQHandler
                0x08001858                EXTI4_IRQHandler
                0x08001858                FSMC_IRQHandler
                0x08001858                ETH_IRQHandler
                0x08001858                OTG_HS_EP1_OUT_IRQHandler
                0x08001858                WWDG_IRQHandler
                0x08001858                TIM2_IRQHandler
                0x08001858                OTG_FS_WKUP_IRQHandler
                0x08001858                TIM1_TRG_COM_TIM11_IRQHandler
                0x08001858                OTG_HS_IRQHandler
                0x08001858                EXTI1_IRQHandler
                0x08001858                USART2_IRQHandler
                0x08001858                I2C2_ER_IRQHandler
                0x08001858                DMA2_Stream1_IRQHandler
                0x08001858                CAN1_SCE_IRQHandler
                0x08001858                FLASH_IRQHandler
                0x08001858                DMA2_Stream4_IRQHandler
                0x08001858                USART1_IRQHandler
                0x08001858                OTG_FS_IRQHandler
                0x08001858                SPI3_IRQHandler
                0x08001858                DMA1_Stream4_IRQHandler
                0x08001858                I2C1_ER_IRQHandler
                0x08001858                DMA2_Stream6_IRQHandler
                0x08001858                DMA1_Stream3_IRQHandler
 *fill*         0x0800185a        0x2 
 .text.HAL_Init
                0x0800185c       0x44 ./Drivers/STM32F4xx_HAL_Driver/Src/stm32f4xx_hal.o
                0x0800185c                HAL_Init
 .text.HAL_InitTick
                0x080018a0       0x60 ./Drivers/STM32F4xx_HAL_Driver/Src/stm32f4xx_hal.o
                0x080018a0                HAL_InitTick
 .text.HAL_IncTick
                0x08001900       0x28 ./Drivers/STM32F4xx_HAL_Driver/Src/stm32f4xx_hal.o
                0x08001900                HAL_IncTick
 .text.HAL_GetTick
                0x08001928       0x18 ./Drivers/STM32F4xx_HAL_Driver/Src/stm32f4xx_hal.o
                0x08001928                HAL_GetTick
 .text.HAL_Delay
                0x08001940       0x48 ./Drivers/STM32F4xx_HAL_Driver/Src/stm32f4xx_hal.o
                0x08001940                HAL_Delay
 .text.__NVIC_SetPriorityGrouping
                0x08001988       0x48 ./Drivers/STM32F4xx_HAL_Driver/Src/stm32f4xx_hal_cortex.o
 .text.__NVIC_GetPriorityGrouping
                0x080019d0       0x1c ./Drivers/STM32F4xx_HAL_Driver/Src/stm32f4xx_hal_cortex.o
 .text.__NVIC_EnableIRQ
                0x080019ec       0x3c ./Drivers/STM32F4xx_HAL_Driver/Src/stm32f4xx_hal_cortex.o
 .text.__NVIC_SetPriority
                0x08001a28       0x54 ./Drivers/STM32F4xx_HAL_Driver/Src/stm32f4xx_hal_cortex.o
 .text.NVIC_EncodePriority
                0x08001a7c       0x66 ./Drivers/STM32F4xx_HAL_Driver/Src/stm32f4xx_hal_cortex.o
 *fill*         0x08001ae2        0x2 
 .text.SysTick_Config
                0x08001ae4       0x44 ./Drivers/STM32F4xx_HAL_Driver/Src/stm32f4xx_hal_cortex.o
 .text.HAL_NVIC_SetPriorityGrouping
                0x08001b28       0x16 ./Drivers/STM32F4xx_HAL_Driver/Src/stm32f4xx_hal_cortex.o
                0x08001b28                HAL_NVIC_SetPriorityGrouping
 .text.HAL_NVIC_SetPriority
                0x08001b3e       0x38 ./Drivers/STM32F4xx_HAL_Driver/Src/stm32f4xx_hal_cortex.o
                0x08001b3e                HAL_NVIC_SetPriority
 .text.HAL_NVIC_EnableIRQ
                0x08001b76       0x1c ./Drivers/STM32F4xx_HAL_Driver/Src/stm32f4xx_hal_cortex.o
                0x08001b76                HAL_NVIC_EnableIRQ
 .text.HAL_SYSTICK_Config
                0x08001b92       0x18 ./Drivers/STM32F4xx_HAL_Driver/Src/stm32f4xx_hal_cortex.o
                0x08001b92                HAL_SYSTICK_Config
 .text.HAL_DMA_Abort
                0x08001baa       0xe0 ./Drivers/STM32F4xx_HAL_Driver/Src/stm32f4xx_hal_dma.o
                0x08001baa                HAL_DMA_Abort
 .text.HAL_DMA_Abort_IT
                0x08001c8a       0x44 ./Drivers/STM32F4xx_HAL_Driver/Src/stm32f4xx_hal_dma.o
                0x08001c8a                HAL_DMA_Abort_IT
 *fill*         0x08001cce        0x2 
 .text.HAL_FLASH_Program
                0x08001cd0       0xa8 ./Drivers/STM32F4xx_HAL_Driver/Src/stm32f4xx_hal_flash.o
                0x08001cd0                HAL_FLASH_Program
 .text.HAL_FLASH_Unlock
                0x08001d78       0x44 ./Drivers/STM32F4xx_HAL_Driver/Src/stm32f4xx_hal_flash.o
                0x08001d78                HAL_FLASH_Unlock
 .text.HAL_FLASH_Lock
                0x08001dbc       0x20 ./Drivers/STM32F4xx_HAL_Driver/Src/stm32f4xx_hal_flash.o
                0x08001dbc                HAL_FLASH_Lock
 .text.FLASH_WaitForLastOperation
                0x08001ddc       0x80 ./Drivers/STM32F4xx_HAL_Driver/Src/stm32f4xx_hal_flash.o
                0x08001ddc                FLASH_WaitForLastOperation
 .text.FLASH_Program_DoubleWord
                0x08001e5c       0x64 ./Drivers/STM32F4xx_HAL_Driver/Src/stm32f4xx_hal_flash.o
 .text.FLASH_Program_Word
                0x08001ec0       0x44 ./Drivers/STM32F4xx_HAL_Driver/Src/stm32f4xx_hal_flash.o
 .text.FLASH_Program_HalfWord
                0x08001f04       0x48 ./Drivers/STM32F4xx_HAL_Driver/Src/stm32f4xx_hal_flash.o
 .text.FLASH_Program_Byte
                0x08001f4c       0x44 ./Drivers/STM32F4xx_HAL_Driver/Src/stm32f4xx_hal_flash.o
 .text.FLASH_SetErrorCode
                0x08001f90       0xac ./Drivers/STM32F4xx_HAL_Driver/Src/stm32f4xx_hal_flash.o
 .text.HAL_FLASHEx_Erase
                0x0800203c       0xe0 ./Drivers/STM32F4xx_HAL_Driver/Src/stm32f4xx_hal_flash_ex.o
                0x0800203c                HAL_FLASHEx_Erase
 .text.FLASH_MassErase
                0x0800211c       0x48 ./Drivers/STM32F4xx_HAL_Driver/Src/stm32f4xx_hal_flash_ex.o
 .text.FLASH_Erase_Sector
                0x08002164       0x90 ./Drivers/STM32F4xx_HAL_Driver/Src/stm32f4xx_hal_flash_ex.o
                0x08002164                FLASH_Erase_Sector
 .text.FLASH_FlushCaches
                0x080021f4       0x8c ./Drivers/STM32F4xx_HAL_Driver/Src/stm32f4xx_hal_flash_ex.o
                0x080021f4                FLASH_FlushCaches
 .text.HAL_GPIO_Init
                0x08002280      0x338 ./Drivers/STM32F4xx_HAL_Driver/Src/stm32f4xx_hal_gpio.o
                0x08002280                HAL_GPIO_Init
 .text.HAL_GPIO_WritePin
                0x080025b8       0x32 ./Drivers/STM32F4xx_HAL_Driver/Src/stm32f4xx_hal_gpio.o
                0x080025b8                HAL_GPIO_WritePin
 *fill*         0x080025ea        0x2 
 .text.HAL_RCC_OscConfig
                0x080025ec      0x4f0 ./Drivers/STM32F4xx_HAL_Driver/Src/stm32f4xx_hal_rcc.o
                0x080025ec                HAL_RCC_OscConfig
 .text.HAL_RCC_ClockConfig
                0x08002adc      0x1cc ./Drivers/STM32F4xx_HAL_Driver/Src/stm32f4xx_hal_rcc.o
                0x08002adc                HAL_RCC_ClockConfig
 .text.HAL_RCC_GetSysClockFreq
                0x08002ca8      0x18c ./Drivers/STM32F4xx_HAL_Driver/Src/stm32f4xx_hal_rcc.o
                0x08002ca8                HAL_RCC_GetSysClockFreq
 .text.HAL_RCC_GetHCLKFreq
                0x08002e34       0x18 ./Drivers/STM32F4xx_HAL_Driver/Src/stm32f4xx_hal_rcc.o
                0x08002e34                HAL_RCC_GetHCLKFreq
 .text.HAL_RCC_GetPCLK1Freq
                0x08002e4c       0x28 ./Drivers/STM32F4xx_HAL_Driver/Src/stm32f4xx_hal_rcc.o
                0x08002e4c                HAL_RCC_GetPCLK1Freq
 .text.HAL_RCC_GetPCLK2Freq
                0x08002e74       0x28 ./Drivers/STM32F4xx_HAL_Driver/Src/stm32f4xx_hal_rcc.o
                0x08002e74                HAL_RCC_GetPCLK2Freq
 .text.HAL_RNG_Init
                0x08002e9c       0x54 ./Drivers/STM32F4xx_HAL_Driver/Src/stm32f4xx_hal_rng.o
                0x08002e9c                HAL_RNG_Init
 .text.HAL_RNG_GenerateRandomNumber
                0x08002ef0       0xac ./Drivers/STM32F4xx_HAL_Driver/Src/stm32f4xx_hal_rng.o
                0x08002ef0                HAL_RNG_GenerateRandomNumber
 .text.HAL_RNG_IRQHandler
                0x08002f9c       0xa8 ./Drivers/STM32F4xx_HAL_Driver/Src/stm32f4xx_hal_rng.o
                0x08002f9c                HAL_RNG_IRQHandler
 .text.HAL_RNG_ReadyDataCallback
                0x08003044       0x16 ./Drivers/STM32F4xx_HAL_Driver/Src/stm32f4xx_hal_rng.o
                0x08003044                HAL_RNG_ReadyDataCallback
 .text.HAL_RNG_ErrorCallback
                0x0800305a       0x14 ./Drivers/STM32F4xx_HAL_Driver/Src/stm32f4xx_hal_rng.o
                0x0800305a                HAL_RNG_ErrorCallback
 .text.HAL_UART_Init
                0x0800306e       0xa0 ./Drivers/STM32F4xx_HAL_Driver/Src/stm32f4xx_hal_uart.o
                0x0800306e                HAL_UART_Init
 .text.HAL_UART_Transmit
                0x0800310e      0x116 ./Drivers/STM32F4xx_HAL_Driver/Src/stm32f4xx_hal_uart.o
                0x0800310e                HAL_UART_Transmit
 .text.HAL_UART_Receive
                0x08003224      0x12e ./Drivers/STM32F4xx_HAL_Driver/Src/stm32f4xx_hal_uart.o
                0x08003224                HAL_UART_Receive
 *fill*         0x08003352        0x2 
 .text.HAL_UART_IRQHandler
                0x08003354      0x524 ./Drivers/STM32F4xx_HAL_Driver/Src/stm32f4xx_hal_uart.o
                0x08003354                HAL_UART_IRQHandler
 .text.HAL_UART_TxCpltCallback
                0x08003878       0x14 ./Drivers/STM32F4xx_HAL_Driver/Src/stm32f4xx_hal_uart.o
                0x08003878                HAL_UART_TxCpltCallback
 .text.HAL_UART_RxCpltCallback
                0x0800388c       0x14 ./Drivers/STM32F4xx_HAL_Driver/Src/stm32f4xx_hal_uart.o
                0x0800388c                HAL_UART_RxCpltCallback
 .text.HAL_UART_ErrorCallback
                0x080038a0       0x14 ./Drivers/STM32F4xx_HAL_Driver/Src/stm32f4xx_hal_uart.o
                0x080038a0                HAL_UART_ErrorCallback
 .text.HAL_UARTEx_RxEventCallback
                0x080038b4       0x18 ./Drivers/STM32F4xx_HAL_Driver/Src/stm32f4xx_hal_uart.o
                0x080038b4                HAL_UARTEx_RxEventCallback
 .text.UART_WaitOnFlagUntilTimeout
                0x080038cc       0xb2 ./Drivers/STM32F4xx_HAL_Driver/Src/stm32f4xx_hal_uart.o
 .text.UART_EndRxTransfer
                0x0800397e       0xc6 ./Drivers/STM32F4xx_HAL_Driver/Src/stm32f4xx_hal_uart.o
 .text.UART_DMAAbortOnError
                0x08003a44       0x28 ./Drivers/STM32F4xx_HAL_Driver/Src/stm32f4xx_hal_uart.o
 .text.UART_Transmit_IT
                0x08003a6c       0xa0 ./Drivers/STM32F4xx_HAL_Driver/Src/stm32f4xx_hal_uart.o
 .text.UART_EndTransmit_IT
                0x08003b0c       0x30 ./Drivers/STM32F4xx_HAL_Driver/Src/stm32f4xx_hal_uart.o
 .text.UART_Receive_IT
                0x08003b3c      0x17c ./Drivers/STM32F4xx_HAL_Driver/Src/stm32f4xx_hal_uart.o
 .text.UART_SetConfig
                0x08003cb8      0x4e8 ./Drivers/STM32F4xx_HAL_Driver/Src/stm32f4xx_hal_uart.o
 .text.MX_MBEDTLS_Init
                0x080041a0        0xe ./MBEDTLS/App/mbedtls.o
                0x080041a0                MX_MBEDTLS_Init
 *fill*         0x080041ae        0x2 
 .text.mbedtls_hardware_poll
                0x080041b0       0x60 ./MBEDTLS/Target/hardware_rng.o
                0x080041b0                mbedtls_hardware_poll
 .text.mbedtls_aes_init
                0x08004210       0x1c ./Middlewares/Third_Party/mbedTLS/library/aes.o
                0x08004210                mbedtls_aes_init
 .text.mbedtls_aes_free
                0x0800422c       0x22 ./Middlewares/Third_Party/mbedTLS/library/aes.o
                0x0800422c                mbedtls_aes_free
 *fill*         0x0800424e        0x2 
 .text.mbedtls_aes_setkey_enc
                0x08004250      0x3ac ./Middlewares/Third_Party/mbedTLS/library/aes.o
                0x08004250                mbedtls_aes_setkey_enc
 .text.mbedtls_internal_aes_encrypt
                0x080045fc      0x5c4 ./Middlewares/Third_Party/mbedTLS/library/aes.o
                0x080045fc                mbedtls_internal_aes_encrypt
 .text.mbedtls_internal_aes_decrypt
                0x08004bc0      0x5c4 ./Middlewares/Third_Party/mbedTLS/library/aes.o
                0x08004bc0                mbedtls_internal_aes_decrypt
 .text.mbedtls_aes_crypt_ecb
                0x08005184       0x36 ./Middlewares/Third_Party/mbedTLS/library/aes.o
                0x08005184                mbedtls_aes_crypt_ecb
 *fill*         0x080051ba        0x2 
 .text.mbedtls_asn1_get_len
                0x080051bc      0x184 ./Middlewares/Third_Party/mbedTLS/library/asn1parse.o
                0x080051bc                mbedtls_asn1_get_len
 .text.mbedtls_asn1_get_tag
                0x08005340       0x52 ./Middlewares/Third_Party/mbedTLS/library/asn1parse.o
                0x08005340                mbedtls_asn1_get_tag
 .text.mbedtls_asn1_get_mpi
                0x08005392       0x4c ./Middlewares/Third_Party/mbedTLS/library/asn1parse.o
                0x08005392                mbedtls_asn1_get_mpi
 .text.mbedtls_asn1_free_named_data
                0x080053de       0x34 ./Middlewares/Third_Party/mbedTLS/library/asn1parse.o
                0x080053de                mbedtls_asn1_free_named_data
 .text.mbedtls_asn1_free_named_data_list
                0x08005412       0x34 ./Middlewares/Third_Party/mbedTLS/library/asn1parse.o
                0x08005412                mbedtls_asn1_free_named_data_list
 .text.mbedtls_asn1_write_len
                0x08005446      0x1d0 ./Middlewares/Third_Party/mbedTLS/library/asn1write.o
                0x08005446                mbedtls_asn1_write_len
 .text.mbedtls_asn1_write_tag
                0x08005616       0x40 ./Middlewares/Third_Party/mbedTLS/library/asn1write.o
                0x08005616                mbedtls_asn1_write_tag
 .text.mbedtls_asn1_write_raw_buffer
                0x08005656       0x5c ./Middlewares/Third_Party/mbedTLS/library/asn1write.o
                0x08005656                mbedtls_asn1_write_raw_buffer
 .text.mbedtls_asn1_write_mpi
                0x080056b2       0xe4 ./Middlewares/Third_Party/mbedTLS/library/asn1write.o
                0x080056b2                mbedtls_asn1_write_mpi
 .text.mbedtls_asn1_write_null
                0x08005796       0x54 ./Middlewares/Third_Party/mbedTLS/library/asn1write.o
                0x08005796                mbedtls_asn1_write_null
 .text.mbedtls_asn1_write_oid
                0x080057ea       0x78 ./Middlewares/Third_Party/mbedTLS/library/asn1write.o
                0x080057ea                mbedtls_asn1_write_oid
 .text.mbedtls_asn1_write_algorithm_identifier
                0x08005862       0xa4 ./Middlewares/Third_Party/mbedTLS/library/asn1write.o
                0x08005862                mbedtls_asn1_write_algorithm_identifier
 .text.mbedtls_asn1_write_bool
                0x08005906       0x8c ./Middlewares/Third_Party/mbedTLS/library/asn1write.o
                0x08005906                mbedtls_asn1_write_bool
 .text.mbedtls_asn1_write_int
                0x08005992       0xbe ./Middlewares/Third_Party/mbedTLS/library/asn1write.o
                0x08005992                mbedtls_asn1_write_int
 .text.mbedtls_asn1_write_tagged_string
                0x08005a50       0x7c ./Middlewares/Third_Party/mbedTLS/library/asn1write.o
                0x08005a50                mbedtls_asn1_write_tagged_string
 .text.asn1_find_named_data
                0x08005acc       0x46 ./Middlewares/Third_Party/mbedTLS/library/asn1write.o
 .text.mbedtls_asn1_store_named_data
                0x08005b12      0x106 ./Middlewares/Third_Party/mbedTLS/library/asn1write.o
                0x08005b12                mbedtls_asn1_store_named_data
 .text.mbedtls_base64_encode
                0x08005c18      0x1e4 ./Middlewares/Third_Party/mbedTLS/library/base64.o
                0x08005c18                mbedtls_base64_encode
 .text.mbedtls_mpi_zeroize
                0x08005dfc       0x1e ./Middlewares/Third_Party/mbedTLS/library/bignum.o
 .text.mbedtls_mpi_init
                0x08005e1a       0x26 ./Middlewares/Third_Party/mbedTLS/library/bignum.o
                0x08005e1a                mbedtls_mpi_init
 .text.mbedtls_mpi_free
                0x08005e40       0x4c ./Middlewares/Third_Party/mbedTLS/library/bignum.o
                0x08005e40                mbedtls_mpi_free
 .text.mbedtls_mpi_grow
                0x08005e8c       0x86 ./Middlewares/Third_Party/mbedTLS/library/bignum.o
                0x08005e8c                mbedtls_mpi_grow
 .text.mbedtls_mpi_shrink
                0x08005f12       0xcc ./Middlewares/Third_Party/mbedTLS/library/bignum.o
                0x08005f12                mbedtls_mpi_shrink
 .text.mbedtls_mpi_copy
                0x08005fde       0xb8 ./Middlewares/Third_Party/mbedTLS/library/bignum.o
                0x08005fde                mbedtls_mpi_copy
 .text.mbedtls_mpi_safe_cond_assign
                0x08006096       0xe2 ./Middlewares/Third_Party/mbedTLS/library/bignum.o
                0x08006096                mbedtls_mpi_safe_cond_assign
 .text.mbedtls_mpi_safe_cond_swap
                0x08006178      0x124 ./Middlewares/Third_Party/mbedTLS/library/bignum.o
                0x08006178                mbedtls_mpi_safe_cond_swap
 .text.mbedtls_mpi_lset
                0x0800629c       0x58 ./Middlewares/Third_Party/mbedTLS/library/bignum.o
                0x0800629c                mbedtls_mpi_lset
 .text.mbedtls_mpi_get_bit
                0x080062f4       0x42 ./Middlewares/Third_Party/mbedTLS/library/bignum.o
                0x080062f4                mbedtls_mpi_get_bit
 .text.mbedtls_mpi_set_bit
                0x08006336       0xaa ./Middlewares/Third_Party/mbedTLS/library/bignum.o
                0x08006336                mbedtls_mpi_set_bit
 .text.mbedtls_mpi_lsb
                0x080063e0       0x66 ./Middlewares/Third_Party/mbedTLS/library/bignum.o
                0x080063e0                mbedtls_mpi_lsb
 .text.mbedtls_clz
                0x08006446       0x42 ./Middlewares/Third_Party/mbedTLS/library/bignum.o
 .text.mbedtls_mpi_bitlen
                0x08006488       0x68 ./Middlewares/Third_Party/mbedTLS/library/bignum.o
                0x08006488                mbedtls_mpi_bitlen
 .text.mbedtls_mpi_size
                0x080064f0       0x1c ./Middlewares/Third_Party/mbedTLS/library/bignum.o
                0x080064f0                mbedtls_mpi_size
 .text.mpi_get_digit
                0x0800650c       0x74 ./Middlewares/Third_Party/mbedTLS/library/bignum.o
 .text.mbedtls_mpi_read_string
                0x08006580      0x1c8 ./Middlewares/Third_Party/mbedTLS/library/bignum.o
                0x08006580                mbedtls_mpi_read_string
 .text.mpi_uint_bigendian_to_host
                0x08006748       0x18 ./Middlewares/Third_Party/mbedTLS/library/bignum.o
 .text.mpi_bigendian_to_host
                0x08006760       0x66 ./Middlewares/Third_Party/mbedTLS/library/bignum.o
 .text.mbedtls_mpi_read_binary
                0x080067c6       0x9a ./Middlewares/Third_Party/mbedTLS/library/bignum.o
                0x080067c6                mbedtls_mpi_read_binary
 .text.mbedtls_mpi_write_binary
                0x08006860       0xc8 ./Middlewares/Third_Party/mbedTLS/library/bignum.o
                0x08006860                mbedtls_mpi_write_binary
 .text.mbedtls_mpi_shift_l
                0x08006928      0x144 ./Middlewares/Third_Party/mbedTLS/library/bignum.o
                0x08006928                mbedtls_mpi_shift_l
 .text.mbedtls_mpi_shift_r
                0x08006a6c      0x136 ./Middlewares/Third_Party/mbedTLS/library/bignum.o
                0x08006a6c                mbedtls_mpi_shift_r
 .text.mbedtls_mpi_cmp_abs
                0x08006ba2      0x104 ./Middlewares/Third_Party/mbedTLS/library/bignum.o
                0x08006ba2                mbedtls_mpi_cmp_abs
 .text.mbedtls_mpi_cmp_mpi
                0x08006ca6      0x136 ./Middlewares/Third_Party/mbedTLS/library/bignum.o
                0x08006ca6                mbedtls_mpi_cmp_mpi
 .text.mbedtls_mpi_cmp_int
                0x08006ddc       0x44 ./Middlewares/Third_Party/mbedTLS/library/bignum.o
                0x08006ddc                mbedtls_mpi_cmp_int
 .text.mbedtls_mpi_add_abs
                0x08006e20      0x15e ./Middlewares/Third_Party/mbedTLS/library/bignum.o
                0x08006e20                mbedtls_mpi_add_abs
 .text.mpi_sub_hlp
                0x08006f7e       0xb4 ./Middlewares/Third_Party/mbedTLS/library/bignum.o
 .text.mbedtls_mpi_sub_abs
                0x08007032       0xc0 ./Middlewares/Third_Party/mbedTLS/library/bignum.o
                0x08007032                mbedtls_mpi_sub_abs
 .text.mbedtls_mpi_add_mpi
                0x080070f2       0x88 ./Middlewares/Third_Party/mbedTLS/library/bignum.o
                0x080070f2                mbedtls_mpi_add_mpi
 .text.mbedtls_mpi_sub_mpi
                0x0800717a       0x88 ./Middlewares/Third_Party/mbedTLS/library/bignum.o
                0x0800717a                mbedtls_mpi_sub_mpi
 .text.mbedtls_mpi_add_int
                0x08007202       0x48 ./Middlewares/Third_Party/mbedTLS/library/bignum.o
                0x08007202                mbedtls_mpi_add_int
 .text.mbedtls_mpi_sub_int
                0x0800724a       0x48 ./Middlewares/Third_Party/mbedTLS/library/bignum.o
                0x0800724a                mbedtls_mpi_sub_int
 .text.mpi_mul_hlp
                0x08007292     0x1752 ./Middlewares/Third_Party/mbedTLS/library/bignum.o
 .text.mbedtls_mpi_mul_mpi
                0x080089e4      0x150 ./Middlewares/Third_Party/mbedTLS/library/bignum.o
                0x080089e4                mbedtls_mpi_mul_mpi
 .text.mbedtls_mpi_mul_int
                0x08008b34       0x36 ./Middlewares/Third_Party/mbedTLS/library/bignum.o
                0x08008b34                mbedtls_mpi_mul_int
 .text.mbedtls_int_div_int
                0x08008b6a      0x194 ./Middlewares/Third_Party/mbedTLS/library/bignum.o
 .text.mbedtls_mpi_div_mpi
                0x08008cfe      0x540 ./Middlewares/Third_Party/mbedTLS/library/bignum.o
                0x08008cfe                mbedtls_mpi_div_mpi
 .text.mbedtls_mpi_mod_mpi
                0x0800923e       0x84 ./Middlewares/Third_Party/mbedTLS/library/bignum.o
                0x0800923e                mbedtls_mpi_mod_mpi
 .text.mbedtls_mpi_gcd
                0x080092c2      0x1c4 ./Middlewares/Third_Party/mbedTLS/library/bignum.o
                0x080092c2                mbedtls_mpi_gcd
 .text.mbedtls_mpi_fill_random
                0x08009486       0x90 ./Middlewares/Third_Party/mbedTLS/library/bignum.o
                0x08009486                mbedtls_mpi_fill_random
 .text.mbedtls_mpi_inv_mod
                0x08009516      0x43c ./Middlewares/Third_Party/mbedTLS/library/bignum.o
                0x08009516                mbedtls_mpi_inv_mod
 .text.mbedtls_ctr_drbg_init
                0x08009952       0x1c ./Middlewares/Third_Party/mbedTLS/library/ctr_drbg.o
                0x08009952                mbedtls_ctr_drbg_init
 .text.mbedtls_ctr_drbg_seed_entropy_len
                0x0800996e       0x82 ./Middlewares/Third_Party/mbedTLS/library/ctr_drbg.o
                0x0800996e                mbedtls_ctr_drbg_seed_entropy_len
 .text.mbedtls_ctr_drbg_seed
                0x080099f0       0x2c ./Middlewares/Third_Party/mbedTLS/library/ctr_drbg.o
                0x080099f0                mbedtls_ctr_drbg_seed
 .text.mbedtls_ctr_drbg_free
                0x08009a1c       0x2c ./Middlewares/Third_Party/mbedTLS/library/ctr_drbg.o
                0x08009a1c                mbedtls_ctr_drbg_free
 .text.block_cipher_df
                0x08009a48      0x370 ./Middlewares/Third_Party/mbedTLS/library/ctr_drbg.o
 .text.ctr_drbg_update_internal
                0x08009db8       0xfc ./Middlewares/Third_Party/mbedTLS/library/ctr_drbg.o
 .text.mbedtls_ctr_drbg_reseed
                0x08009eb4      0x182 ./Middlewares/Third_Party/mbedTLS/library/ctr_drbg.o
                0x08009eb4                mbedtls_ctr_drbg_reseed
 .text.mbedtls_ctr_drbg_random_with_add
                0x0800a036      0x16a ./Middlewares/Third_Party/mbedTLS/library/ctr_drbg.o
                0x0800a036                mbedtls_ctr_drbg_random_with_add
 .text.mbedtls_ctr_drbg_random
                0x0800a1a0       0x2c ./Middlewares/Third_Party/mbedTLS/library/ctr_drbg.o
                0x0800a1a0                mbedtls_ctr_drbg_random
 .text.derive_mpi
                0x0800a1cc       0x8e ./Middlewares/Third_Party/mbedTLS/library/ecdsa.o
 *fill*         0x0800a25a        0x2 
 .text.ecdsa_sign_restartable
                0x0800a25c      0x23c ./Middlewares/Third_Party/mbedTLS/library/ecdsa.o
 .text.ecdsa_verify_restartable
                0x0800a498      0x1e0 ./Middlewares/Third_Party/mbedTLS/library/ecdsa.o
 .text.ecdsa_signature_to_asn1
                0x0800a678       0xfe ./Middlewares/Third_Party/mbedTLS/library/ecdsa.o
 .text.mbedtls_ecdsa_write_signature_restartable
                0x0800a776       0x8c ./Middlewares/Third_Party/mbedTLS/library/ecdsa.o
                0x0800a776                mbedtls_ecdsa_write_signature_restartable
 .text.mbedtls_ecdsa_write_signature
                0x0800a802       0x3a ./Middlewares/Third_Party/mbedTLS/library/ecdsa.o
                0x0800a802                mbedtls_ecdsa_write_signature
 .text.mbedtls_ecdsa_read_signature
                0x0800a83c       0x2c ./Middlewares/Third_Party/mbedTLS/library/ecdsa.o
                0x0800a83c                mbedtls_ecdsa_read_signature
 .text.mbedtls_ecdsa_read_signature_restartable
                0x0800a868      0x100 ./Middlewares/Third_Party/mbedTLS/library/ecdsa.o
                0x0800a868                mbedtls_ecdsa_read_signature_restartable
 .text.mbedtls_ecdsa_from_keypair
                0x0800a968       0x62 ./Middlewares/Third_Party/mbedTLS/library/ecdsa.o
                0x0800a968                mbedtls_ecdsa_from_keypair
 .text.mbedtls_ecdsa_init
                0x0800a9ca       0x16 ./Middlewares/Third_Party/mbedTLS/library/ecdsa.o
                0x0800a9ca                mbedtls_ecdsa_init
 .text.mbedtls_ecdsa_free
                0x0800a9e0       0x1e ./Middlewares/Third_Party/mbedTLS/library/ecdsa.o
                0x0800a9e0                mbedtls_ecdsa_free
 .text.ecp_get_type
                0x0800a9fe       0x2e ./Middlewares/Third_Party/mbedTLS/library/ecp.o
 .text.mbedtls_ecp_point_init
                0x0800aa2c       0x2c ./Middlewares/Third_Party/mbedTLS/library/ecp.o
                0x0800aa2c                mbedtls_ecp_point_init
 .text.mbedtls_ecp_group_init
                0x0800aa58       0x7e ./Middlewares/Third_Party/mbedTLS/library/ecp.o
                0x0800aa58                mbedtls_ecp_group_init
 .text.mbedtls_ecp_keypair_init
                0x0800aad6       0x2c ./Middlewares/Third_Party/mbedTLS/library/ecp.o
                0x0800aad6                mbedtls_ecp_keypair_init
 .text.mbedtls_ecp_point_free
                0x0800ab02       0x34 ./Middlewares/Third_Party/mbedTLS/library/ecp.o
                0x0800ab02                mbedtls_ecp_point_free
 .text.mbedtls_ecp_group_free
                0x0800ab36       0x98 ./Middlewares/Third_Party/mbedTLS/library/ecp.o
                0x0800ab36                mbedtls_ecp_group_free
 .text.mbedtls_ecp_keypair_free
                0x0800abce       0x34 ./Middlewares/Third_Party/mbedTLS/library/ecp.o
                0x0800abce                mbedtls_ecp_keypair_free
 .text.mbedtls_ecp_copy
                0x0800ac02       0x5c ./Middlewares/Third_Party/mbedTLS/library/ecp.o
                0x0800ac02                mbedtls_ecp_copy
 .text.mbedtls_ecp_group_copy
                0x0800ac5e       0x20 ./Middlewares/Third_Party/mbedTLS/library/ecp.o
                0x0800ac5e                mbedtls_ecp_group_copy
 .text.mbedtls_ecp_set_zero
                0x0800ac7e       0x4c ./Middlewares/Third_Party/mbedTLS/library/ecp.o
                0x0800ac7e                mbedtls_ecp_set_zero
 .text.mbedtls_ecp_is_zero
                0x0800acca       0x28 ./Middlewares/Third_Party/mbedTLS/library/ecp.o
                0x0800acca                mbedtls_ecp_is_zero
 *fill*         0x0800acf2        0x2 
 .text.mbedtls_ecp_point_write_binary
                0x0800acf4       0xfc ./Middlewares/Third_Party/mbedTLS/library/ecp.o
                0x0800acf4                mbedtls_ecp_point_write_binary
 .text.ecp_modp
                0x0800adf0       0xc8 ./Middlewares/Third_Party/mbedTLS/library/ecp.o
 .text.ecp_normalize_jac
                0x0800aeb8      0x138 ./Middlewares/Third_Party/mbedTLS/library/ecp.o
 .text.ecp_normalize_jac_many
                0x0800aff0      0x39c ./Middlewares/Third_Party/mbedTLS/library/ecp.o
 .text.ecp_safe_invert_jac
                0x0800b38c       0x86 ./Middlewares/Third_Party/mbedTLS/library/ecp.o
 .text.ecp_double_jac
                0x0800b412      0x71c ./Middlewares/Third_Party/mbedTLS/library/ecp.o
 *fill*         0x0800bb2e        0x2 
 .text.ecp_add_mixed
                0x0800bb30      0x5e8 ./Middlewares/Third_Party/mbedTLS/library/ecp.o
 .text.ecp_randomize_jac
                0x0800c118      0x19c ./Middlewares/Third_Party/mbedTLS/library/ecp.o
 .text.ecp_comb_recode_core
                0x0800c2b4      0x158 ./Middlewares/Third_Party/mbedTLS/library/ecp.o
 .text.ecp_precompute_comb
                0x0800c40c      0x1e8 ./Middlewares/Third_Party/mbedTLS/library/ecp.o
 .text.ecp_select_comb
                0x0800c5f4       0xba ./Middlewares/Third_Party/mbedTLS/library/ecp.o
 .text.ecp_mul_comb_core
                0x0800c6ae       0xd8 ./Middlewares/Third_Party/mbedTLS/library/ecp.o
 *fill*         0x0800c786        0x2 
 .text.ecp_comb_recode_scalar
                0x0800c788       0xcc ./Middlewares/Third_Party/mbedTLS/library/ecp.o
 .text.ecp_mul_comb_after_precomp
                0x0800c854       0xb6 ./Middlewares/Third_Party/mbedTLS/library/ecp.o
 .text.ecp_pick_window_size
                0x0800c90a       0x50 ./Middlewares/Third_Party/mbedTLS/library/ecp.o
 *fill*         0x0800c95a        0x2 
 .text.ecp_mul_comb
                0x0800c95c      0x17c ./Middlewares/Third_Party/mbedTLS/library/ecp.o
 .text.ecp_normalize_mxz
                0x0800cad8       0x6e ./Middlewares/Third_Party/mbedTLS/library/ecp.o
 *fill*         0x0800cb46        0x2 
 .text.ecp_randomize_mxz
                0x0800cb48       0xf8 ./Middlewares/Third_Party/mbedTLS/library/ecp.o
 .text.ecp_double_add_mxz
                0x0800cc40      0x52a ./Middlewares/Third_Party/mbedTLS/library/ecp.o
 .text.ecp_mul_mxz
                0x0800d16a      0x1b0 ./Middlewares/Third_Party/mbedTLS/library/ecp.o
 *fill*         0x0800d31a        0x2 
 .text.mbedtls_ecp_mul_restartable
                0x0800d31c       0x98 ./Middlewares/Third_Party/mbedTLS/library/ecp.o
                0x0800d31c                mbedtls_ecp_mul_restartable
 .text.mbedtls_ecp_mul
                0x0800d3b4       0x30 ./Middlewares/Third_Party/mbedTLS/library/ecp.o
                0x0800d3b4                mbedtls_ecp_mul
 .text.ecp_check_pubkey_sw
                0x0800d3e4      0x234 ./Middlewares/Third_Party/mbedTLS/library/ecp.o
 .text.mbedtls_ecp_mul_shortcuts
                0x0800d618       0xa4 ./Middlewares/Third_Party/mbedTLS/library/ecp.o
 .text.mbedtls_ecp_muladd_restartable
                0x0800d6bc       0xa0 ./Middlewares/Third_Party/mbedTLS/library/ecp.o
                0x0800d6bc                mbedtls_ecp_muladd_restartable
 .text.ecp_check_pubkey_mx
                0x0800d75c       0x34 ./Middlewares/Third_Party/mbedTLS/library/ecp.o
 .text.mbedtls_ecp_check_pubkey
                0x0800d790       0x64 ./Middlewares/Third_Party/mbedTLS/library/ecp.o
                0x0800d790                mbedtls_ecp_check_pubkey
 .text.mbedtls_ecp_check_privkey
                0x0800d7f4       0xac ./Middlewares/Third_Party/mbedTLS/library/ecp.o
                0x0800d7f4                mbedtls_ecp_check_privkey
 .text.mbedtls_ecp_gen_privkey
                0x0800d8a0      0x150 ./Middlewares/Third_Party/mbedTLS/library/ecp.o
                0x0800d8a0                mbedtls_ecp_gen_privkey
 .text.mbedtls_ecp_gen_keypair_base
                0x0800d9f0       0x48 ./Middlewares/Third_Party/mbedTLS/library/ecp.o
                0x0800d9f0                mbedtls_ecp_gen_keypair_base
 .text.mbedtls_ecp_gen_keypair
                0x0800da38       0x30 ./Middlewares/Third_Party/mbedTLS/library/ecp.o
                0x0800da38                mbedtls_ecp_gen_keypair
 .text.mbedtls_ecp_gen_key
                0x0800da68       0x4a ./Middlewares/Third_Party/mbedTLS/library/ecp.o
                0x0800da68                mbedtls_ecp_gen_key
 *fill*         0x0800dab2        0x2 
 .text.mbedtls_ecp_check_pub_priv
                0x0800dab4      0x130 ./Middlewares/Third_Party/mbedTLS/library/ecp.o
                0x0800dab4                mbedtls_ecp_check_pub_priv
 .text.ecp_mpi_load
                0x0800dbe4       0x2c ./Middlewares/Third_Party/mbedTLS/library/ecp_curves.o
 .text.ecp_mpi_set1
                0x0800dc10       0x2c ./Middlewares/Third_Party/mbedTLS/library/ecp_curves.o
 .text.ecp_group_load
                0x0800dc3c       0xa2 ./Middlewares/Third_Party/mbedTLS/library/ecp_curves.o
 *fill*         0x0800dcde        0x2 
 .text.ecp_use_curve448
                0x0800dce0      0x150 ./Middlewares/Third_Party/mbedTLS/library/ecp_curves.o
 .text.mbedtls_ecp_group_load
                0x0800de30       0xf8 ./Middlewares/Third_Party/mbedTLS/library/ecp_curves.o
                0x0800de30                mbedtls_ecp_group_load
 .text.add32    0x0800df28       0x46 ./Middlewares/Third_Party/mbedTLS/library/ecp_curves.o
 .text.sub32    0x0800df6e       0x46 ./Middlewares/Third_Party/mbedTLS/library/ecp_curves.o
 .text.fix_negative
                0x0800dfb4       0x50 ./Middlewares/Third_Party/mbedTLS/library/ecp_curves.o
 .text.ecp_mod_p256
                0x0800e004      0x836 ./Middlewares/Third_Party/mbedTLS/library/ecp_curves.o
 .text.ecp_mod_p384
                0x0800e83a      0xab0 ./Middlewares/Third_Party/mbedTLS/library/ecp_curves.o
 *fill*         0x0800f2ea        0x2 
 .text.ecp_mod_p448
                0x0800f2ec      0x1a0 ./Middlewares/Third_Party/mbedTLS/library/ecp_curves.o
 .text.mbedtls_entropy_init
                0x0800f48c       0x4c ./Middlewares/Third_Party/mbedTLS/library/entropy.o
                0x0800f48c                mbedtls_entropy_init
 .text.mbedtls_entropy_free
                0x0800f4d8       0x34 ./Middlewares/Third_Party/mbedTLS/library/entropy.o
                0x0800f4d8                mbedtls_entropy_free
 .text.mbedtls_entropy_add_source
                0x0800f50c       0x94 ./Middlewares/Third_Party/mbedTLS/library/entropy.o
                0x0800f50c                mbedtls_entropy_add_source
 .text.entropy_update
                0x0800f5a0       0xbc ./Middlewares/Third_Party/mbedTLS/library/entropy.o
 .text.entropy_gather_internal
                0x0800f65c      0x126 ./Middlewares/Third_Party/mbedTLS/library/entropy.o
 .text.mbedtls_entropy_func
                0x0800f782      0x178 ./Middlewares/Third_Party/mbedTLS/library/entropy.o
                0x0800f782                mbedtls_entropy_func
 *fill*         0x0800f8fa        0x2 
 .text.mbedtls_md_info_from_type
                0x0800f8fc       0x58 ./Middlewares/Third_Party/mbedTLS/library/md.o
                0x0800f8fc                mbedtls_md_info_from_type
 .text.mbedtls_md
                0x0800f954       0x34 ./Middlewares/Third_Party/mbedTLS/library/md.o
                0x0800f954                mbedtls_md
 .text.mbedtls_md_get_size
                0x0800f988       0x24 ./Middlewares/Third_Party/mbedTLS/library/md.o
                0x0800f988                mbedtls_md_get_size
 .text.sha224_starts_wrap
                0x0800f9ac       0x1a ./Middlewares/Third_Party/mbedTLS/library/md_wrap.o
 .text.sha224_update_wrap
                0x0800f9c6       0x20 ./Middlewares/Third_Party/mbedTLS/library/md_wrap.o
 .text.sha224_finish_wrap
                0x0800f9e6       0x1c ./Middlewares/Third_Party/mbedTLS/library/md_wrap.o
 .text.sha224_wrap
                0x0800fa02       0x22 ./Middlewares/Third_Party/mbedTLS/library/md_wrap.o
 .text.sha224_ctx_alloc
                0x0800fa24       0x28 ./Middlewares/Third_Party/mbedTLS/library/md_wrap.o
 .text.sha224_ctx_free
                0x0800fa4c       0x1c ./Middlewares/Third_Party/mbedTLS/library/md_wrap.o
 .text.sha224_clone_wrap
                0x0800fa68       0x1a ./Middlewares/Third_Party/mbedTLS/library/md_wrap.o
 .text.sha224_process_wrap
                0x0800fa82       0x1c ./Middlewares/Third_Party/mbedTLS/library/md_wrap.o
 .text.sha256_starts_wrap
                0x0800fa9e       0x1a ./Middlewares/Third_Party/mbedTLS/library/md_wrap.o
 .text.sha256_wrap
                0x0800fab8       0x22 ./Middlewares/Third_Party/mbedTLS/library/md_wrap.o
 .text.sha384_starts_wrap
                0x0800fada       0x1a ./Middlewares/Third_Party/mbedTLS/library/md_wrap.o
 .text.sha384_update_wrap
                0x0800faf4       0x20 ./Middlewares/Third_Party/mbedTLS/library/md_wrap.o
 .text.sha384_finish_wrap
                0x0800fb14       0x1c ./Middlewares/Third_Party/mbedTLS/library/md_wrap.o
 .text.sha384_wrap
                0x0800fb30       0x22 ./Middlewares/Third_Party/mbedTLS/library/md_wrap.o
 .text.sha384_ctx_alloc
                0x0800fb52       0x28 ./Middlewares/Third_Party/mbedTLS/library/md_wrap.o
 .text.sha384_ctx_free
                0x0800fb7a       0x1c ./Middlewares/Third_Party/mbedTLS/library/md_wrap.o
 .text.sha384_clone_wrap
                0x0800fb96       0x1a ./Middlewares/Third_Party/mbedTLS/library/md_wrap.o
 .text.sha384_process_wrap
                0x0800fbb0       0x1c ./Middlewares/Third_Party/mbedTLS/library/md_wrap.o
 .text.sha512_starts_wrap
                0x0800fbcc       0x1a ./Middlewares/Third_Party/mbedTLS/library/md_wrap.o
 .text.sha512_wrap
                0x0800fbe6       0x22 ./Middlewares/Third_Party/mbedTLS/library/md_wrap.o
 .text.mbedtls_oid_get_oid_by_sig_alg
                0x0800fc08       0x64 ./Middlewares/Third_Party/mbedTLS/library/oid.o
                0x0800fc08                mbedtls_oid_get_oid_by_sig_alg
 .text.mbedtls_oid_get_oid_by_pk_alg
                0x0800fc6c       0x54 ./Middlewares/Third_Party/mbedTLS/library/oid.o
                0x0800fc6c                mbedtls_oid_get_oid_by_pk_alg
 .text.mbedtls_oid_get_oid_by_ec_grp
                0x0800fcc0       0x54 ./Middlewares/Third_Party/mbedTLS/library/oid.o
                0x0800fcc0                mbedtls_oid_get_oid_by_ec_grp
 .text.mbedtls_pem_write_buffer
                0x0800fd14      0x158 ./Middlewares/Third_Party/mbedTLS/library/pem.o
                0x0800fd14                mbedtls_pem_write_buffer
 .text.mbedtls_pk_init
                0x0800fe6c       0x20 ./Middlewares/Third_Party/mbedTLS/library/pk.o
                0x0800fe6c                mbedtls_pk_init
 .text.mbedtls_pk_free
                0x0800fe8c       0x36 ./Middlewares/Third_Party/mbedTLS/library/pk.o
                0x0800fe8c                mbedtls_pk_free
 *fill*         0x0800fec2        0x2 
 .text.mbedtls_pk_info_from_type
                0x0800fec4       0x44 ./Middlewares/Third_Party/mbedTLS/library/pk.o
                0x0800fec4                mbedtls_pk_info_from_type
 .text.mbedtls_pk_setup
                0x0800ff08       0x4c ./Middlewares/Third_Party/mbedTLS/library/pk.o
                0x0800ff08                mbedtls_pk_setup
 .text.mbedtls_pk_can_do
                0x0800ff54       0x34 ./Middlewares/Third_Party/mbedTLS/library/pk.o
                0x0800ff54                mbedtls_pk_can_do
 .text.pk_hashlen_helper
                0x0800ff88       0x46 ./Middlewares/Third_Party/mbedTLS/library/pk.o
 *fill*         0x0800ffce        0x2 
 .text.mbedtls_pk_sign_restartable
                0x0800ffd0       0x74 ./Middlewares/Third_Party/mbedTLS/library/pk.o
                0x0800ffd0                mbedtls_pk_sign_restartable
 .text.mbedtls_pk_sign
                0x08010044       0x3a ./Middlewares/Third_Party/mbedTLS/library/pk.o
                0x08010044                mbedtls_pk_sign
 .text.mbedtls_pk_get_type
                0x0801007e       0x2c ./Middlewares/Third_Party/mbedTLS/library/pk.o
                0x0801007e                mbedtls_pk_get_type
 .text.eckey_can_do
                0x080100aa       0x2e ./Middlewares/Third_Party/mbedTLS/library/pk_wrap.o
 .text.eckey_get_bitlen
                0x080100d8       0x18 ./Middlewares/Third_Party/mbedTLS/library/pk_wrap.o
 .text.eckey_verify_wrap
                0x080100f0       0x66 ./Middlewares/Third_Party/mbedTLS/library/pk_wrap.o
 .text.eckey_sign_wrap
                0x08010156       0x72 ./Middlewares/Third_Party/mbedTLS/library/pk_wrap.o
 .text.eckey_check_pair
                0x080101c8       0x1c ./Middlewares/Third_Party/mbedTLS/library/pk_wrap.o
 .text.eckey_alloc_wrap
                0x080101e4       0x28 ./Middlewares/Third_Party/mbedTLS/library/pk_wrap.o
 .text.eckey_free_wrap
                0x0801020c       0x1c ./Middlewares/Third_Party/mbedTLS/library/pk_wrap.o
 .text.eckey_debug
                0x08010228       0x30 ./Middlewares/Third_Party/mbedTLS/library/pk_wrap.o
 .text.eckeydh_can_do
                0x08010258       0x28 ./Middlewares/Third_Party/mbedTLS/library/pk_wrap.o
 .text.ecdsa_can_do
                0x08010280       0x22 ./Middlewares/Third_Party/mbedTLS/library/pk_wrap.o
 *fill*         0x080102a2        0x2 
 .text.ecdsa_verify_wrap
                0x080102a4       0x3c ./Middlewares/Third_Party/mbedTLS/library/pk_wrap.o
 .text.ecdsa_sign_wrap
                0x080102e0       0x36 ./Middlewares/Third_Party/mbedTLS/library/pk_wrap.o
 .text.ecdsa_alloc_wrap
                0x08010316       0x28 ./Middlewares/Third_Party/mbedTLS/library/pk_wrap.o
 .text.ecdsa_free_wrap
                0x0801033e       0x1c ./Middlewares/Third_Party/mbedTLS/library/pk_wrap.o
 .text.mbedtls_pk_ec
                0x0801035a       0x1a ./Middlewares/Third_Party/mbedTLS/library/pkwrite.o
 .text.pk_write_ec_pubkey
                0x08010374       0x82 ./Middlewares/Third_Party/mbedTLS/library/pkwrite.o
 .text.pk_write_ec_param
                0x080103f6       0x58 ./Middlewares/Third_Party/mbedTLS/library/pkwrite.o
 *fill*         0x0801044e        0x2 
 .text.mbedtls_pk_write_pubkey
                0x08010450       0x58 ./Middlewares/Third_Party/mbedTLS/library/pkwrite.o
                0x08010450                mbedtls_pk_write_pubkey
 .text.mbedtls_pk_write_pubkey_der
                0x080104a8      0x182 ./Middlewares/Third_Party/mbedTLS/library/pkwrite.o
                0x080104a8                mbedtls_pk_write_pubkey_der
 *fill*         0x0801062a        0x2 
 .text.mbedtls_pk_write_key_der
                0x0801062c      0x22c ./Middlewares/Third_Party/mbedTLS/library/pkwrite.o
                0x0801062c                mbedtls_pk_write_key_der
 .text.mbedtls_pk_write_pubkey_pem
                0x08010858       0x80 ./Middlewares/Third_Party/mbedTLS/library/pkwrite.o
                0x08010858                mbedtls_pk_write_pubkey_pem
 .text.mbedtls_pk_write_key_pem
                0x080108d8       0xa4 ./Middlewares/Third_Party/mbedTLS/library/pkwrite.o
                0x080108d8                mbedtls_pk_write_key_pem
 .text.mbedtls_platform_zeroize
                0x0801097c       0x24 ./Middlewares/Third_Party/mbedTLS/library/platform_util.o
                0x0801097c                mbedtls_platform_zeroize
 .text.mbedtls_sha256_init
                0x080109a0       0x1a ./Middlewares/Third_Party/mbedTLS/library/sha256.o
                0x080109a0                mbedtls_sha256_init
 .text.mbedtls_sha256_free
                0x080109ba       0x20 ./Middlewares/Third_Party/mbedTLS/library/sha256.o
                0x080109ba                mbedtls_sha256_free
 .text.mbedtls_sha256_clone
                0x080109da       0x22 ./Middlewares/Third_Party/mbedTLS/library/sha256.o
                0x080109da                mbedtls_sha256_clone
 .text.mbedtls_sha256_starts_ret
                0x080109fc       0xd4 ./Middlewares/Third_Party/mbedTLS/library/sha256.o
                0x080109fc                mbedtls_sha256_starts_ret
 .text.mbedtls_internal_sha256_process
                0x08010ad0     0x1a94 ./Middlewares/Third_Party/mbedTLS/library/sha256.o
                0x08010ad0                mbedtls_internal_sha256_process
 .text.mbedtls_sha256_update_ret
                0x08012564       0xea ./Middlewares/Third_Party/mbedTLS/library/sha256.o
                0x08012564                mbedtls_sha256_update_ret
 .text.mbedtls_sha256_finish_ret
                0x0801264e      0x2ce ./Middlewares/Third_Party/mbedTLS/library/sha256.o
                0x0801264e                mbedtls_sha256_finish_ret
 .text.mbedtls_sha256_ret
                0x0801291c       0x70 ./Middlewares/Third_Party/mbedTLS/library/sha256.o
                0x0801291c                mbedtls_sha256_ret
 .text.mbedtls_sha512_init
                0x0801298c       0x1a ./Middlewares/Third_Party/mbedTLS/library/sha512.o
                0x0801298c                mbedtls_sha512_init
 .text.mbedtls_sha512_free
                0x080129a6       0x20 ./Middlewares/Third_Party/mbedTLS/library/sha512.o
                0x080129a6                mbedtls_sha512_free
 .text.mbedtls_sha512_clone
                0x080129c6       0x22 ./Middlewares/Third_Party/mbedTLS/library/sha512.o
                0x080129c6                mbedtls_sha512_clone
 .text.mbedtls_sha512_starts_ret
                0x080129e8      0x188 ./Middlewares/Third_Party/mbedTLS/library/sha512.o
                0x080129e8                mbedtls_sha512_starts_ret
 .text.mbedtls_internal_sha512_process
                0x08012b70     0x217c ./Middlewares/Third_Party/mbedTLS/library/sha512.o
                0x08012b70                mbedtls_internal_sha512_process
 .text.mbedtls_sha512_update_ret
                0x08014cec      0x116 ./Middlewares/Third_Party/mbedTLS/library/sha512.o
                0x08014cec                mbedtls_sha512_update_ret
 .text.mbedtls_sha512_finish_ret
                0x08014e02      0x8fe ./Middlewares/Third_Party/mbedTLS/library/sha512.o
                0x08014e02                mbedtls_sha512_finish_ret
 .text.mbedtls_sha512_ret
                0x08015700       0x7e ./Middlewares/Third_Party/mbedTLS/library/sha512.o
                0x08015700                mbedtls_sha512_ret
 *fill*         0x0801577e        0x2 
 .text.x509_attr_descr_from_name
                0x08015780       0x5c ./Middlewares/Third_Party/mbedTLS/library/x509_create.o
 .text.mbedtls_x509_string_to_names
                0x080157dc      0x22c ./Middlewares/Third_Party/mbedTLS/library/x509_create.o
                0x080157dc                mbedtls_x509_string_to_names
 .text.x509_write_name
                0x08015a08       0xf0 ./Middlewares/Third_Party/mbedTLS/library/x509_create.o
 .text.mbedtls_x509_write_names
                0x08015af8       0x86 ./Middlewares/Third_Party/mbedTLS/library/x509_create.o
                0x08015af8                mbedtls_x509_write_names
 .text.mbedtls_x509_write_sig
                0x08015b7e       0xe6 ./Middlewares/Third_Party/mbedTLS/library/x509_create.o
                0x08015b7e                mbedtls_x509_write_sig
 .text.x509_write_extension
                0x08015c64      0x14c ./Middlewares/Third_Party/mbedTLS/library/x509_create.o
 .text.mbedtls_x509_write_extensions
                0x08015db0       0x4a ./Middlewares/Third_Party/mbedTLS/library/x509_create.o
                0x08015db0                mbedtls_x509_write_extensions
 .text.mbedtls_x509write_csr_init
                0x08015dfa       0x1a ./Middlewares/Third_Party/mbedTLS/library/x509write_csr.o
                0x08015dfa                mbedtls_x509write_csr_init
 .text.mbedtls_x509write_csr_free
                0x08015e14       0x2c ./Middlewares/Third_Party/mbedTLS/library/x509write_csr.o
                0x08015e14                mbedtls_x509write_csr_free
 .text.mbedtls_x509write_csr_set_md_alg
                0x08015e40       0x1e ./Middlewares/Third_Party/mbedTLS/library/x509write_csr.o
                0x08015e40                mbedtls_x509write_csr_set_md_alg
 .text.mbedtls_x509write_csr_set_key
                0x08015e5e       0x1c ./Middlewares/Third_Party/mbedTLS/library/x509write_csr.o
                0x08015e5e                mbedtls_x509write_csr_set_key
 .text.mbedtls_x509write_csr_set_subject_name
                0x08015e7a       0x20 ./Middlewares/Third_Party/mbedTLS/library/x509write_csr.o
                0x08015e7a                mbedtls_x509write_csr_set_subject_name
 *fill*         0x08015e9a        0x2 
 .text.mbedtls_x509write_csr_der
                0x08015e9c      0x5a0 ./Middlewares/Third_Party/mbedTLS/library/x509write_csr.o
                0x08015e9c                mbedtls_x509write_csr_der
 .text.mbedtls_x509write_csr_pem
                0x0801643c      0x108 ./Middlewares/Third_Party/mbedTLS/library/x509write_csr.o
                0x0801643c                mbedtls_x509write_csr_pem
 .text.calloc   0x08016544       0x10 C:/ST/STM32CubeIDE_1.16.1/STM32CubeIDE/plugins/com.st.stm32cube.ide.mcu.externaltools.gnu-tools-for-stm32.12.3.rel1.win32_1.0.200.202406191623/tools/bin/../lib/gcc/arm-none-eabi/12.3.1/../../../../arm-none-eabi/lib/thumb/v7e-m+fp/hard\libc_nano.a(libc_a-calloc.o)
                0x08016544                calloc
 .text._calloc_r
                0x08016554       0x28 C:/ST/STM32CubeIDE_1.16.1/STM32CubeIDE/plugins/com.st.stm32cube.ide.mcu.externaltools.gnu-tools-for-stm32.12.3.rel1.win32_1.0.200.202406191623/tools/bin/../lib/gcc/arm-none-eabi/12.3.1/../../../../arm-none-eabi/lib/thumb/v7e-m+fp/hard\libc_nano.a(libc_a-callocr.o)
                0x08016554                _calloc_r
 .text.free     0x0801657c       0x10 C:/ST/STM32CubeIDE_1.16.1/STM32CubeIDE/plugins/com.st.stm32cube.ide.mcu.externaltools.gnu-tools-for-stm32.12.3.rel1.win32_1.0.200.202406191623/tools/bin/../lib/gcc/arm-none-eabi/12.3.1/../../../../arm-none-eabi/lib/thumb/v7e-m+fp/hard\libc_nano.a(libc_a-malloc.o)
                0x0801657c                free
 .text.sbrk_aligned
                0x0801658c       0x44 C:/ST/STM32CubeIDE_1.16.1/STM32CubeIDE/plugins/com.st.stm32cube.ide.mcu.externaltools.gnu-tools-for-stm32.12.3.rel1.win32_1.0.200.202406191623/tools/bin/../lib/gcc/arm-none-eabi/12.3.1/../../../../arm-none-eabi/lib/thumb/v7e-m+fp/hard\libc_nano.a(libc_a-mallocr.o)
 .text._malloc_r
                0x080165d0      0x100 C:/ST/STM32CubeIDE_1.16.1/STM32CubeIDE/plugins/com.st.stm32cube.ide.mcu.externaltools.gnu-tools-for-stm32.12.3.rel1.win32_1.0.200.202406191623/tools/bin/../lib/gcc/arm-none-eabi/12.3.1/../../../../arm-none-eabi/lib/thumb/v7e-m+fp/hard\libc_nano.a(libc_a-mallocr.o)
                0x080165d0                _malloc_r
 .text.__malloc_lock
                0x080166d0        0xc C:/ST/STM32CubeIDE_1.16.1/STM32CubeIDE/plugins/com.st.stm32cube.ide.mcu.externaltools.gnu-tools-for-stm32.12.3.rel1.win32_1.0.200.202406191623/tools/bin/../lib/gcc/arm-none-eabi/12.3.1/../../../../arm-none-eabi/lib/thumb/v7e-m+fp/hard\libc_nano.a(libc_a-mlock.o)
                0x080166d0                __malloc_lock
 .text.__malloc_unlock
                0x080166dc        0xc C:/ST/STM32CubeIDE_1.16.1/STM32CubeIDE/plugins/com.st.stm32cube.ide.mcu.externaltools.gnu-tools-for-stm32.12.3.rel1.win32_1.0.200.202406191623/tools/bin/../lib/gcc/arm-none-eabi/12.3.1/../../../../arm-none-eabi/lib/thumb/v7e-m+fp/hard\libc_nano.a(libc_a-mlock.o)
                0x080166dc                __malloc_unlock
 .text.std      0x080166e8       0x6c C:/ST/STM32CubeIDE_1.16.1/STM32CubeIDE/plugins/com.st.stm32cube.ide.mcu.externaltools.gnu-tools-for-stm32.12.3.rel1.win32_1.0.200.202406191623/tools/bin/../lib/gcc/arm-none-eabi/12.3.1/../../../../arm-none-eabi/lib/thumb/v7e-m+fp/hard\libc_nano.a(libc_a-findfp.o)
 .text.stdio_exit_handler
                0x08016754       0x18 C:/ST/STM32CubeIDE_1.16.1/STM32CubeIDE/plugins/com.st.stm32cube.ide.mcu.externaltools.gnu-tools-for-stm32.12.3.rel1.win32_1.0.200.202406191623/tools/bin/../lib/gcc/arm-none-eabi/12.3.1/../../../../arm-none-eabi/lib/thumb/v7e-m+fp/hard\libc_nano.a(libc_a-findfp.o)
 .text.cleanup_stdio
                0x0801676c       0x40 C:/ST/STM32CubeIDE_1.16.1/STM32CubeIDE/plugins/com.st.stm32cube.ide.mcu.externaltools.gnu-tools-for-stm32.12.3.rel1.win32_1.0.200.202406191623/tools/bin/../lib/gcc/arm-none-eabi/12.3.1/../../../../arm-none-eabi/lib/thumb/v7e-m+fp/hard\libc_nano.a(libc_a-findfp.o)
 .text.global_stdio_init.part.0
                0x080167ac       0x3c C:/ST/STM32CubeIDE_1.16.1/STM32CubeIDE/plugins/com.st.stm32cube.ide.mcu.externaltools.gnu-tools-for-stm32.12.3.rel1.win32_1.0.200.202406191623/tools/bin/../lib/gcc/arm-none-eabi/12.3.1/../../../../arm-none-eabi/lib/thumb/v7e-m+fp/hard\libc_nano.a(libc_a-findfp.o)
 .text.__sfp_lock_acquire
                0x080167e8        0xc C:/ST/STM32CubeIDE_1.16.1/STM32CubeIDE/plugins/com.st.stm32cube.ide.mcu.externaltools.gnu-tools-for-stm32.12.3.rel1.win32_1.0.200.202406191623/tools/bin/../lib/gcc/arm-none-eabi/12.3.1/../../../../arm-none-eabi/lib/thumb/v7e-m+fp/hard\libc_nano.a(libc_a-findfp.o)
                0x080167e8                __sfp_lock_acquire
 .text.__sfp_lock_release
                0x080167f4        0xc C:/ST/STM32CubeIDE_1.16.1/STM32CubeIDE/plugins/com.st.stm32cube.ide.mcu.externaltools.gnu-tools-for-stm32.12.3.rel1.win32_1.0.200.202406191623/tools/bin/../lib/gcc/arm-none-eabi/12.3.1/../../../../arm-none-eabi/lib/thumb/v7e-m+fp/hard\libc_nano.a(libc_a-findfp.o)
                0x080167f4                __sfp_lock_release
 .text.__sinit  0x08016800       0x30 C:/ST/STM32CubeIDE_1.16.1/STM32CubeIDE/plugins/com.st.stm32cube.ide.mcu.externaltools.gnu-tools-for-stm32.12.3.rel1.win32_1.0.200.202406191623/tools/bin/../lib/gcc/arm-none-eabi/12.3.1/../../../../arm-none-eabi/lib/thumb/v7e-m+fp/hard\libc_nano.a(libc_a-findfp.o)
                0x08016800                __sinit
 .text._fwalk_sglue
                0x08016830       0x3c C:/ST/STM32CubeIDE_1.16.1/STM32CubeIDE/plugins/com.st.stm32cube.ide.mcu.externaltools.gnu-tools-for-stm32.12.3.rel1.win32_1.0.200.202406191623/tools/bin/../lib/gcc/arm-none-eabi/12.3.1/../../../../arm-none-eabi/lib/thumb/v7e-m+fp/hard\libc_nano.a(libc_a-fwalk.o)
                0x08016830                _fwalk_sglue
 .text.printf   0x0801686c       0x24 C:/ST/STM32CubeIDE_1.16.1/STM32CubeIDE/plugins/com.st.stm32cube.ide.mcu.externaltools.gnu-tools-for-stm32.12.3.rel1.win32_1.0.200.202406191623/tools/bin/../lib/gcc/arm-none-eabi/12.3.1/../../../../arm-none-eabi/lib/thumb/v7e-m+fp/hard\libc_nano.a(libc_a-printf.o)
                0x0801686c                iprintf
                0x0801686c                printf
 .text._puts_r  0x08016890       0xaa C:/ST/STM32CubeIDE_1.16.1/STM32CubeIDE/plugins/com.st.stm32cube.ide.mcu.externaltools.gnu-tools-for-stm32.12.3.rel1.win32_1.0.200.202406191623/tools/bin/../lib/gcc/arm-none-eabi/12.3.1/../../../../arm-none-eabi/lib/thumb/v7e-m+fp/hard\libc_nano.a(libc_a-puts.o)
                0x08016890                _puts_r
 *fill*         0x0801693a        0x2 
 .text.puts     0x0801693c       0x10 C:/ST/STM32CubeIDE_1.16.1/STM32CubeIDE/plugins/com.st.stm32cube.ide.mcu.externaltools.gnu-tools-for-stm32.12.3.rel1.win32_1.0.200.202406191623/tools/bin/../lib/gcc/arm-none-eabi/12.3.1/../../../../arm-none-eabi/lib/thumb/v7e-m+fp/hard\libc_nano.a(libc_a-puts.o)
                0x0801693c                puts
 .text.snprintf
                0x0801694c       0x68 C:/ST/STM32CubeIDE_1.16.1/STM32CubeIDE/plugins/com.st.stm32cube.ide.mcu.externaltools.gnu-tools-for-stm32.12.3.rel1.win32_1.0.200.202406191623/tools/bin/../lib/gcc/arm-none-eabi/12.3.1/../../../../arm-none-eabi/lib/thumb/v7e-m+fp/hard\libc_nano.a(libc_a-snprintf.o)
                0x0801694c                sniprintf
                0x0801694c                snprintf
 .text.__sread  0x080169b4       0x22 C:/ST/STM32CubeIDE_1.16.1/STM32CubeIDE/plugins/com.st.stm32cube.ide.mcu.externaltools.gnu-tools-for-stm32.12.3.rel1.win32_1.0.200.202406191623/tools/bin/../lib/gcc/arm-none-eabi/12.3.1/../../../../arm-none-eabi/lib/thumb/v7e-m+fp/hard\libc_nano.a(libc_a-stdio.o)
                0x080169b4                __sread
 .text.__swrite
                0x080169d6       0x38 C:/ST/STM32CubeIDE_1.16.1/STM32CubeIDE/plugins/com.st.stm32cube.ide.mcu.externaltools.gnu-tools-for-stm32.12.3.rel1.win32_1.0.200.202406191623/tools/bin/../lib/gcc/arm-none-eabi/12.3.1/../../../../arm-none-eabi/lib/thumb/v7e-m+fp/hard\libc_nano.a(libc_a-stdio.o)
                0x080169d6                __swrite
 .text.__sseek  0x08016a0e       0x24 C:/ST/STM32CubeIDE_1.16.1/STM32CubeIDE/plugins/com.st.stm32cube.ide.mcu.externaltools.gnu-tools-for-stm32.12.3.rel1.win32_1.0.200.202406191623/tools/bin/../lib/gcc/arm-none-eabi/12.3.1/../../../../arm-none-eabi/lib/thumb/v7e-m+fp/hard\libc_nano.a(libc_a-stdio.o)
                0x08016a0e                __sseek
 .text.__sclose
                0x08016a32        0x8 C:/ST/STM32CubeIDE_1.16.1/STM32CubeIDE/plugins/com.st.stm32cube.ide.mcu.externaltools.gnu-tools-for-stm32.12.3.rel1.win32_1.0.200.202406191623/tools/bin/../lib/gcc/arm-none-eabi/12.3.1/../../../../arm-none-eabi/lib/thumb/v7e-m+fp/hard\libc_nano.a(libc_a-stdio.o)
                0x08016a32                __sclose
 .text.__swbuf_r
                0x08016a3a       0x7c C:/ST/STM32CubeIDE_1.16.1/STM32CubeIDE/plugins/com.st.stm32cube.ide.mcu.externaltools.gnu-tools-for-stm32.12.3.rel1.win32_1.0.200.202406191623/tools/bin/../lib/gcc/arm-none-eabi/12.3.1/../../../../arm-none-eabi/lib/thumb/v7e-m+fp/hard\libc_nano.a(libc_a-wbuf.o)
                0x08016a3a                __swbuf_r
 *fill*         0x08016ab6        0x2 
 .text.__swsetup_r
                0x08016ab8       0xac C:/ST/STM32CubeIDE_1.16.1/STM32CubeIDE/plugins/com.st.stm32cube.ide.mcu.externaltools.gnu-tools-for-stm32.12.3.rel1.win32_1.0.200.202406191623/tools/bin/../lib/gcc/arm-none-eabi/12.3.1/../../../../arm-none-eabi/lib/thumb/v7e-m+fp/hard\libc_nano.a(libc_a-wsetup.o)
                0x08016ab8                __swsetup_r
 .text.memcmp   0x08016b64       0x20 C:/ST/STM32CubeIDE_1.16.1/STM32CubeIDE/plugins/com.st.stm32cube.ide.mcu.externaltools.gnu-tools-for-stm32.12.3.rel1.win32_1.0.200.202406191623/tools/bin/../lib/gcc/arm-none-eabi/12.3.1/../../../../arm-none-eabi/lib/thumb/v7e-m+fp/hard\libc_nano.a(libc_a-memcmp.o)
                0x08016b64                memcmp
 .text.memmove  0x08016b84       0x34 C:/ST/STM32CubeIDE_1.16.1/STM32CubeIDE/plugins/com.st.stm32cube.ide.mcu.externaltools.gnu-tools-for-stm32.12.3.rel1.win32_1.0.200.202406191623/tools/bin/../lib/gcc/arm-none-eabi/12.3.1/../../../../arm-none-eabi/lib/thumb/v7e-m+fp/hard\libc_nano.a(libc_a-memmove.o)
                0x08016b84                memmove
 .text.memset   0x08016bb8       0x10 C:/ST/STM32CubeIDE_1.16.1/STM32CubeIDE/plugins/com.st.stm32cube.ide.mcu.externaltools.gnu-tools-for-stm32.12.3.rel1.win32_1.0.200.202406191623/tools/bin/../lib/gcc/arm-none-eabi/12.3.1/../../../../arm-none-eabi/lib/thumb/v7e-m+fp/hard\libc_nano.a(libc_a-memset.o)
                0x08016bb8                memset
 .text.strcat   0x08016bc8       0x1e C:/ST/STM32CubeIDE_1.16.1/STM32CubeIDE/plugins/com.st.stm32cube.ide.mcu.externaltools.gnu-tools-for-stm32.12.3.rel1.win32_1.0.200.202406191623/tools/bin/../lib/gcc/arm-none-eabi/12.3.1/../../../../arm-none-eabi/lib/thumb/v7e-m+fp/hard\libc_nano.a(libc_a-strcat.o)
                0x08016bc8                strcat
 .text.strncmp  0x08016be6       0x24 C:/ST/STM32CubeIDE_1.16.1/STM32CubeIDE/plugins/com.st.stm32cube.ide.mcu.externaltools.gnu-tools-for-stm32.12.3.rel1.win32_1.0.200.202406191623/tools/bin/../lib/gcc/arm-none-eabi/12.3.1/../../../../arm-none-eabi/lib/thumb/v7e-m+fp/hard\libc_nano.a(libc_a-strncmp.o)
                0x08016be6                strncmp
 .text.strncpy  0x08016c0a       0x26 C:/ST/STM32CubeIDE_1.16.1/STM32CubeIDE/plugins/com.st.stm32cube.ide.mcu.externaltools.gnu-tools-for-stm32.12.3.rel1.win32_1.0.200.202406191623/tools/bin/../lib/gcc/arm-none-eabi/12.3.1/../../../../arm-none-eabi/lib/thumb/v7e-m+fp/hard\libc_nano.a(libc_a-strncpy.o)
                0x08016c0a                strncpy
 .text.strstr   0x08016c30       0x2c C:/ST/STM32CubeIDE_1.16.1/STM32CubeIDE/plugins/com.st.stm32cube.ide.mcu.externaltools.gnu-tools-for-stm32.12.3.rel1.win32_1.0.200.202406191623/tools/bin/../lib/gcc/arm-none-eabi/12.3.1/../../../../arm-none-eabi/lib/thumb/v7e-m+fp/hard\libc_nano.a(libc_a-strstr.o)
                0x08016c30                strstr
 .text._close_r
                0x08016c5c       0x20 C:/ST/STM32CubeIDE_1.16.1/STM32CubeIDE/plugins/com.st.stm32cube.ide.mcu.externaltools.gnu-tools-for-stm32.12.3.rel1.win32_1.0.200.202406191623/tools/bin/../lib/gcc/arm-none-eabi/12.3.1/../../../../arm-none-eabi/lib/thumb/v7e-m+fp/hard\libc_nano.a(libc_a-closer.o)
                0x08016c5c                _close_r
 .text._lseek_r
                0x08016c7c       0x24 C:/ST/STM32CubeIDE_1.16.1/STM32CubeIDE/plugins/com.st.stm32cube.ide.mcu.externaltools.gnu-tools-for-stm32.12.3.rel1.win32_1.0.200.202406191623/tools/bin/../lib/gcc/arm-none-eabi/12.3.1/../../../../arm-none-eabi/lib/thumb/v7e-m+fp/hard\libc_nano.a(libc_a-lseekr.o)
                0x08016c7c                _lseek_r
 .text._read_r  0x08016ca0       0x24 C:/ST/STM32CubeIDE_1.16.1/STM32CubeIDE/plugins/com.st.stm32cube.ide.mcu.externaltools.gnu-tools-for-stm32.12.3.rel1.win32_1.0.200.202406191623/tools/bin/../lib/gcc/arm-none-eabi/12.3.1/../../../../arm-none-eabi/lib/thumb/v7e-m+fp/hard\libc_nano.a(libc_a-readr.o)
                0x08016ca0                _read_r
 .text._sbrk_r  0x08016cc4       0x20 C:/ST/STM32CubeIDE_1.16.1/STM32CubeIDE/plugins/com.st.stm32cube.ide.mcu.externaltools.gnu-tools-for-stm32.12.3.rel1.win32_1.0.200.202406191623/tools/bin/../lib/gcc/arm-none-eabi/12.3.1/../../../../arm-none-eabi/lib/thumb/v7e-m+fp/hard\libc_nano.a(libc_a-sbrkr.o)
                0x08016cc4                _sbrk_r
 .text._write_r
                0x08016ce4       0x24 C:/ST/STM32CubeIDE_1.16.1/STM32CubeIDE/plugins/com.st.stm32cube.ide.mcu.externaltools.gnu-tools-for-stm32.12.3.rel1.win32_1.0.200.202406191623/tools/bin/../lib/gcc/arm-none-eabi/12.3.1/../../../../arm-none-eabi/lib/thumb/v7e-m+fp/hard\libc_nano.a(libc_a-writer.o)
                0x08016ce4                _write_r
 .text.__errno  0x08016d08        0xc C:/ST/STM32CubeIDE_1.16.1/STM32CubeIDE/plugins/com.st.stm32cube.ide.mcu.externaltools.gnu-tools-for-stm32.12.3.rel1.win32_1.0.200.202406191623/tools/bin/../lib/gcc/arm-none-eabi/12.3.1/../../../../arm-none-eabi/lib/thumb/v7e-m+fp/hard\libc_nano.a(libc_a-errno.o)
                0x08016d08                __errno
 .text.__libc_init_array
                0x08016d14       0x48 C:/ST/STM32CubeIDE_1.16.1/STM32CubeIDE/plugins/com.st.stm32cube.ide.mcu.externaltools.gnu-tools-for-stm32.12.3.rel1.win32_1.0.200.202406191623/tools/bin/../lib/gcc/arm-none-eabi/12.3.1/../../../../arm-none-eabi/lib/thumb/v7e-m+fp/hard\libc_nano.a(libc_a-init.o)
                0x08016d14                __libc_init_array
 .text.__retarget_lock_init_recursive
                0x08016d5c        0x2 C:/ST/STM32CubeIDE_1.16.1/STM32CubeIDE/plugins/com.st.stm32cube.ide.mcu.externaltools.gnu-tools-for-stm32.12.3.rel1.win32_1.0.200.202406191623/tools/bin/../lib/gcc/arm-none-eabi/12.3.1/../../../../arm-none-eabi/lib/thumb/v7e-m+fp/hard\libc_nano.a(libc_a-lock.o)
                0x08016d5c                __retarget_lock_init_recursive
 .text.__retarget_lock_acquire_recursive
                0x08016d5e        0x2 C:/ST/STM32CubeIDE_1.16.1/STM32CubeIDE/plugins/com.st.stm32cube.ide.mcu.externaltools.gnu-tools-for-stm32.12.3.rel1.win32_1.0.200.202406191623/tools/bin/../lib/gcc/arm-none-eabi/12.3.1/../../../../arm-none-eabi/lib/thumb/v7e-m+fp/hard\libc_nano.a(libc_a-lock.o)
                0x08016d5e                __retarget_lock_acquire_recursive
 .text.__retarget_lock_release_recursive
                0x08016d60        0x2 C:/ST/STM32CubeIDE_1.16.1/STM32CubeIDE/plugins/com.st.stm32cube.ide.mcu.externaltools.gnu-tools-for-stm32.12.3.rel1.win32_1.0.200.202406191623/tools/bin/../lib/gcc/arm-none-eabi/12.3.1/../../../../arm-none-eabi/lib/thumb/v7e-m+fp/hard\libc_nano.a(libc_a-lock.o)
                0x08016d60                __retarget_lock_release_recursive
 .text.strcpy   0x08016d62       0x10 C:/ST/STM32CubeIDE_1.16.1/STM32CubeIDE/plugins/com.st.stm32cube.ide.mcu.externaltools.gnu-tools-for-stm32.12.3.rel1.win32_1.0.200.202406191623/tools/bin/../lib/gcc/arm-none-eabi/12.3.1/../../../../arm-none-eabi/lib/thumb/v7e-m+fp/hard\libc_nano.a(libc_a-strcpy.o)
                0x08016d62                strcpy
 .text.memcpy   0x08016d72       0x1c C:/ST/STM32CubeIDE_1.16.1/STM32CubeIDE/plugins/com.st.stm32cube.ide.mcu.externaltools.gnu-tools-for-stm32.12.3.rel1.win32_1.0.200.202406191623/tools/bin/../lib/gcc/arm-none-eabi/12.3.1/../../../../arm-none-eabi/lib/thumb/v7e-m+fp/hard\libc_nano.a(libc_a-memcpy-stub.o)
                0x08016d72                memcpy
 *fill*         0x08016d8e        0x2 
 .text._free_r  0x08016d90       0x94 C:/ST/STM32CubeIDE_1.16.1/STM32CubeIDE/plugins/com.st.stm32cube.ide.mcu.externaltools.gnu-tools-for-stm32.12.3.rel1.win32_1.0.200.202406191623/tools/bin/../lib/gcc/arm-none-eabi/12.3.1/../../../../arm-none-eabi/lib/thumb/v7e-m+fp/hard\libc_nano.a(libc_a-freer.o)
                0x08016d90                _free_r
 .text.__ssputs_r
                0x08016e24       0xb6 C:/ST/STM32CubeIDE_1.16.1/STM32CubeIDE/plugins/com.st.stm32cube.ide.mcu.externaltools.gnu-tools-for-stm32.12.3.rel1.win32_1.0.200.202406191623/tools/bin/../lib/gcc/arm-none-eabi/12.3.1/../../../../arm-none-eabi/lib/thumb/v7e-m+fp/hard\libc_nano.a(libc_a-nano-svfprintf.o)
                0x08016e24                __ssputs_r
 *fill*         0x08016eda        0x2 
 .text._svfprintf_r
                0x08016edc      0x1f8 C:/ST/STM32CubeIDE_1.16.1/STM32CubeIDE/plugins/com.st.stm32cube.ide.mcu.externaltools.gnu-tools-for-stm32.12.3.rel1.win32_1.0.200.202406191623/tools/bin/../lib/gcc/arm-none-eabi/12.3.1/../../../../arm-none-eabi/lib/thumb/v7e-m+fp/hard\libc_nano.a(libc_a-nano-svfprintf.o)
                0x08016edc                _svfiprintf_r
                0x08016edc                _svfprintf_r
 .text.__sfputc_r
                0x080170d4       0x2e C:/ST/STM32CubeIDE_1.16.1/STM32CubeIDE/plugins/com.st.stm32cube.ide.mcu.externaltools.gnu-tools-for-stm32.12.3.rel1.win32_1.0.200.202406191623/tools/bin/../lib/gcc/arm-none-eabi/12.3.1/../../../../arm-none-eabi/lib/thumb/v7e-m+fp/hard\libc_nano.a(libc_a-nano-vfprintf.o)
 .text.__sfputs_r
                0x08017102       0x24 C:/ST/STM32CubeIDE_1.16.1/STM32CubeIDE/plugins/com.st.stm32cube.ide.mcu.externaltools.gnu-tools-for-stm32.12.3.rel1.win32_1.0.200.202406191623/tools/bin/../lib/gcc/arm-none-eabi/12.3.1/../../../../arm-none-eabi/lib/thumb/v7e-m+fp/hard\libc_nano.a(libc_a-nano-vfprintf.o)
                0x08017102                __sfputs_r
 *fill*         0x08017126        0x2 
 .text._vfprintf_r
                0x08017128      0x230 C:/ST/STM32CubeIDE_1.16.1/STM32CubeIDE/plugins/com.st.stm32cube.ide.mcu.externaltools.gnu-tools-for-stm32.12.3.rel1.win32_1.0.200.202406191623/tools/bin/../lib/gcc/arm-none-eabi/12.3.1/../../../../arm-none-eabi/lib/thumb/v7e-m+fp/hard\libc_nano.a(libc_a-nano-vfprintf.o)
                0x08017128                _vfprintf_r
                0x08017128                _vfiprintf_r
 .text._printf_common
                0x08017358       0xda C:/ST/STM32CubeIDE_1.16.1/STM32CubeIDE/plugins/com.st.stm32cube.ide.mcu.externaltools.gnu-tools-for-stm32.12.3.rel1.win32_1.0.200.202406191623/tools/bin/../lib/gcc/arm-none-eabi/12.3.1/../../../../arm-none-eabi/lib/thumb/v7e-m+fp/hard\libc_nano.a(libc_a-nano-vfprintf_i.o)
                0x08017358                _printf_common
 *fill*         0x08017432        0x2 
 .text._printf_i
                0x08017434      0x240 C:/ST/STM32CubeIDE_1.16.1/STM32CubeIDE/plugins/com.st.stm32cube.ide.mcu.externaltools.gnu-tools-for-stm32.12.3.rel1.win32_1.0.200.202406191623/tools/bin/../lib/gcc/arm-none-eabi/12.3.1/../../../../arm-none-eabi/lib/thumb/v7e-m+fp/hard\libc_nano.a(libc_a-nano-vfprintf_i.o)
                0x08017434                _printf_i
 .text.__sflush_r
                0x08017674      0x108 C:/ST/STM32CubeIDE_1.16.1/STM32CubeIDE/plugins/com.st.stm32cube.ide.mcu.externaltools.gnu-tools-for-stm32.12.3.rel1.win32_1.0.200.202406191623/tools/bin/../lib/gcc/arm-none-eabi/12.3.1/../../../../arm-none-eabi/lib/thumb/v7e-m+fp/hard\libc_nano.a(libc_a-fflush.o)
                0x08017674                __sflush_r
 .text._fflush_r
                0x0801777c       0x50 C:/ST/STM32CubeIDE_1.16.1/STM32CubeIDE/plugins/com.st.stm32cube.ide.mcu.externaltools.gnu-tools-for-stm32.12.3.rel1.win32_1.0.200.202406191623/tools/bin/../lib/gcc/arm-none-eabi/12.3.1/../../../../arm-none-eabi/lib/thumb/v7e-m+fp/hard\libc_nano.a(libc_a-fflush.o)
                0x0801777c                _fflush_r
 .text.__swhatbuf_r
                0x080177cc       0x4c C:/ST/STM32CubeIDE_1.16.1/STM32CubeIDE/plugins/com.st.stm32cube.ide.mcu.externaltools.gnu-tools-for-stm32.12.3.rel1.win32_1.0.200.202406191623/tools/bin/../lib/gcc/arm-none-eabi/12.3.1/../../../../arm-none-eabi/lib/thumb/v7e-m+fp/hard\libc_nano.a(libc_a-makebuf.o)
                0x080177cc                __swhatbuf_r
 .text.__smakebuf_r
                0x08017818       0x78 C:/ST/STM32CubeIDE_1.16.1/STM32CubeIDE/plugins/com.st.stm32cube.ide.mcu.externaltools.gnu-tools-for-stm32.12.3.rel1.win32_1.0.200.202406191623/tools/bin/../lib/gcc/arm-none-eabi/12.3.1/../../../../arm-none-eabi/lib/thumb/v7e-m+fp/hard\libc_nano.a(libc_a-makebuf.o)
                0x08017818                __smakebuf_r
 .text._fstat_r
                0x08017890       0x24 C:/ST/STM32CubeIDE_1.16.1/STM32CubeIDE/plugins/com.st.stm32cube.ide.mcu.externaltools.gnu-tools-for-stm32.12.3.rel1.win32_1.0.200.202406191623/tools/bin/../lib/gcc/arm-none-eabi/12.3.1/../../../../arm-none-eabi/lib/thumb/v7e-m+fp/hard\libc_nano.a(libc_a-fstatr.o)
                0x08017890                _fstat_r
 .text._isatty_r
                0x080178b4       0x20 C:/ST/STM32CubeIDE_1.16.1/STM32CubeIDE/plugins/com.st.stm32cube.ide.mcu.externaltools.gnu-tools-for-stm32.12.3.rel1.win32_1.0.200.202406191623/tools/bin/../lib/gcc/arm-none-eabi/12.3.1/../../../../arm-none-eabi/lib/thumb/v7e-m+fp/hard\libc_nano.a(libc_a-isattyr.o)
                0x080178b4                _isatty_r
 .text._realloc_r
                0x080178d4       0x5c C:/ST/STM32CubeIDE_1.16.1/STM32CubeIDE/plugins/com.st.stm32cube.ide.mcu.externaltools.gnu-tools-for-stm32.12.3.rel1.win32_1.0.200.202406191623/tools/bin/../lib/gcc/arm-none-eabi/12.3.1/../../../../arm-none-eabi/lib/thumb/v7e-m+fp/hard\libc_nano.a(libc_a-reallocr.o)
                0x080178d4                _realloc_r
 .text._malloc_usable_size_r
                0x08017930       0x10 C:/ST/STM32CubeIDE_1.16.1/STM32CubeIDE/plugins/com.st.stm32cube.ide.mcu.externaltools.gnu-tools-for-stm32.12.3.rel1.win32_1.0.200.202406191623/tools/bin/../lib/gcc/arm-none-eabi/12.3.1/../../../../arm-none-eabi/lib/thumb/v7e-m+fp/hard\libc_nano.a(libc_a-msizer.o)
                0x08017930                _malloc_usable_size_r
 *(.glue_7)
 .glue_7        0x08017940        0x0 linker stubs
 *(.glue_7t)
 .glue_7t       0x08017940        0x0 linker stubs
 *(.eh_frame)
 .eh_frame      0x08017940        0x0 C:/ST/STM32CubeIDE_1.16.1/STM32CubeIDE/plugins/com.st.stm32cube.ide.mcu.externaltools.gnu-tools-for-stm32.12.3.rel1.win32_1.0.200.202406191623/tools/bin/../lib/gcc/arm-none-eabi/12.3.1/thumb/v7e-m+fp/hard/crtbegin.o
 *(.init)
 .init          0x08017940        0x4 C:/ST/STM32CubeIDE_1.16.1/STM32CubeIDE/plugins/com.st.stm32cube.ide.mcu.externaltools.gnu-tools-for-stm32.12.3.rel1.win32_1.0.200.202406191623/tools/bin/../lib/gcc/arm-none-eabi/12.3.1/thumb/v7e-m+fp/hard/crti.o
                0x08017940                _init
 .init          0x08017944        0x8 C:/ST/STM32CubeIDE_1.16.1/STM32CubeIDE/plugins/com.st.stm32cube.ide.mcu.externaltools.gnu-tools-for-stm32.12.3.rel1.win32_1.0.200.202406191623/tools/bin/../lib/gcc/arm-none-eabi/12.3.1/thumb/v7e-m+fp/hard/crtn.o
 *(.fini)
 .fini          0x0801794c        0x4 C:/ST/STM32CubeIDE_1.16.1/STM32CubeIDE/plugins/com.st.stm32cube.ide.mcu.externaltools.gnu-tools-for-stm32.12.3.rel1.win32_1.0.200.202406191623/tools/bin/../lib/gcc/arm-none-eabi/12.3.1/thumb/v7e-m+fp/hard/crti.o
                0x0801794c                _fini
 .fini          0x08017950        0x8 C:/ST/STM32CubeIDE_1.16.1/STM32CubeIDE/plugins/com.st.stm32cube.ide.mcu.externaltools.gnu-tools-for-stm32.12.3.rel1.win32_1.0.200.202406191623/tools/bin/../lib/gcc/arm-none-eabi/12.3.1/thumb/v7e-m+fp/hard/crtn.o
                0x08017958                        . = ALIGN (0x4)
                0x08017958                        _etext = .

.vfp11_veneer   0x08017958        0x0
 .vfp11_veneer  0x08017958        0x0 linker stubs

.v4_bx          0x08017958        0x0
 .v4_bx         0x08017958        0x0 linker stubs

.iplt           0x08017958        0x0
 .iplt          0x08017958        0x0 C:/ST/STM32CubeIDE_1.16.1/STM32CubeIDE/plugins/com.st.stm32cube.ide.mcu.externaltools.gnu-tools-for-stm32.12.3.rel1.win32_1.0.200.202406191623/tools/bin/../lib/gcc/arm-none-eabi/12.3.1/thumb/v7e-m+fp/hard/crtbegin.o

.rodata         0x08017958     0x3ee4
                0x08017958                        . = ALIGN (0x4)
 *(.rodata)
 .rodata        0x08017958      0x79c ./Core/Src/main.o
 .rodata        0x080180f4       0x41 ./Middlewares/Third_Party/mbedTLS/library/ecp_curves.o
 *fill*         0x08018135        0x3 
 .rodata        0x08018138       0x1f ./Middlewares/Third_Party/mbedTLS/library/md_wrap.o
 *fill*         0x08018157        0x1 
 .rodata        0x08018158      0x88c ./Middlewares/Third_Party/mbedTLS/library/oid.o
 .rodata        0x080189e4       0x1a ./Middlewares/Third_Party/mbedTLS/library/pk_wrap.o
 *fill*         0x080189fe        0x2 
 .rodata        0x08018a00       0x76 ./Middlewares/Third_Party/mbedTLS/library/pkwrite.o
 *fill*         0x08018a76        0x2 
 .rodata        0x08018a78      0x183 ./Middlewares/Third_Party/mbedTLS/library/x509_create.o
 *fill*         0x08018bfb        0x1 
 .rodata        0x08018bfc       0x65 ./Middlewares/Third_Party/mbedTLS/library/x509write_csr.o
 *(.rodata*)
 *fill*         0x08018c61        0x3 
 .rodata.AHBPrescTable
                0x08018c64       0x10 ./Core/Src/system_stm32f4xx.o
                0x08018c64                AHBPrescTable
 .rodata.APBPrescTable
                0x08018c74        0x8 ./Core/Src/system_stm32f4xx.o
                0x08018c74                APBPrescTable
 .rodata.FSb    0x08018c7c      0x100 ./Middlewares/Third_Party/mbedTLS/library/aes.o
 .rodata.FT0    0x08018d7c      0x400 ./Middlewares/Third_Party/mbedTLS/library/aes.o
 .rodata.FT1    0x0801917c      0x400 ./Middlewares/Third_Party/mbedTLS/library/aes.o
 .rodata.FT2    0x0801957c      0x400 ./Middlewares/Third_Party/mbedTLS/library/aes.o
 .rodata.FT3    0x0801997c      0x400 ./Middlewares/Third_Party/mbedTLS/library/aes.o
 .rodata.RSb    0x08019d7c      0x100 ./Middlewares/Third_Party/mbedTLS/library/aes.o